Archive member included to satisfy reference by file (symbol)

c:/program files (x86)/atmel/studio/7.0/toolchain/arm/arm-gnu-toolchain/bin/../lib/gcc/arm-none-eabi/6.3.1/thumb/v7e-m\libgcc.a(_aeabi_uldivmod.o)
                              src/camera.o (__aeabi_uldivmod)
c:/program files (x86)/atmel/studio/7.0/toolchain/arm/arm-gnu-toolchain/bin/../lib/gcc/arm-none-eabi/6.3.1/thumb/v7e-m\libgcc.a(_udivmoddi4.o)
                              c:/program files (x86)/atmel/studio/7.0/toolchain/arm/arm-gnu-toolchain/bin/../lib/gcc/arm-none-eabi/6.3.1/thumb/v7e-m\libgcc.a(_aeabi_uldivmod.o) (__udivmoddi4)
c:/program files (x86)/atmel/studio/7.0/toolchain/arm/arm-gnu-toolchain/bin/../lib/gcc/arm-none-eabi/6.3.1/thumb/v7e-m\libgcc.a(_dvmd_tls.o)
                              c:/program files (x86)/atmel/studio/7.0/toolchain/arm/arm-gnu-toolchain/bin/../lib/gcc/arm-none-eabi/6.3.1/thumb/v7e-m\libgcc.a(_aeabi_uldivmod.o) (__aeabi_ldiv0)
c:/program files (x86)/atmel/studio/7.0/toolchain/arm/arm-gnu-toolchain/bin/../lib/gcc/arm-none-eabi/6.3.1/../../../../arm-none-eabi/lib/thumb/v7e-m\libc.a(lib_a-exit.o)
                              c:/program files (x86)/atmel/studio/7.0/toolchain/arm/arm-gnu-toolchain/bin/../lib/gcc/arm-none-eabi/6.3.1/../../../../arm-none-eabi/lib/thumb/v7e-m/crt0.o (exit)
c:/program files (x86)/atmel/studio/7.0/toolchain/arm/arm-gnu-toolchain/bin/../lib/gcc/arm-none-eabi/6.3.1/../../../../arm-none-eabi/lib/thumb/v7e-m\libc.a(lib_a-impure.o)
                              c:/program files (x86)/atmel/studio/7.0/toolchain/arm/arm-gnu-toolchain/bin/../lib/gcc/arm-none-eabi/6.3.1/../../../../arm-none-eabi/lib/thumb/v7e-m\libc.a(lib_a-exit.o) (_global_impure_ptr)
c:/program files (x86)/atmel/studio/7.0/toolchain/arm/arm-gnu-toolchain/bin/../lib/gcc/arm-none-eabi/6.3.1/../../../../arm-none-eabi/lib/thumb/v7e-m\libc.a(lib_a-init.o)
                              c:/program files (x86)/atmel/studio/7.0/toolchain/arm/arm-gnu-toolchain/bin/../lib/gcc/arm-none-eabi/6.3.1/../../../../arm-none-eabi/lib/thumb/v7e-m/crt0.o (__libc_init_array)
c:/program files (x86)/atmel/studio/7.0/toolchain/arm/arm-gnu-toolchain/bin/../lib/gcc/arm-none-eabi/6.3.1/../../../../arm-none-eabi/lib/thumb/v7e-m\libc.a(lib_a-memset.o)
                              c:/program files (x86)/atmel/studio/7.0/toolchain/arm/arm-gnu-toolchain/bin/../lib/gcc/arm-none-eabi/6.3.1/../../../../arm-none-eabi/lib/thumb/v7e-m/crt0.o (memset)
c:/program files (x86)/atmel/studio/7.0/toolchain/arm/arm-gnu-toolchain/bin/../lib/gcc/arm-none-eabi/6.3.1/../../../../arm-none-eabi/lib/thumb/v7e-m\libc.a(lib_a-sprintf.o)
                              src/wifi.o (sprintf)
c:/program files (x86)/atmel/studio/7.0/toolchain/arm/arm-gnu-toolchain/bin/../lib/gcc/arm-none-eabi/6.3.1/../../../../arm-none-eabi/lib/thumb/v7e-m\libc.a(lib_a-strlen.o)
                              src/camera.o (strlen)
c:/program files (x86)/atmel/studio/7.0/toolchain/arm/arm-gnu-toolchain/bin/../lib/gcc/arm-none-eabi/6.3.1/../../../../arm-none-eabi/lib/thumb/v7e-m\libc.a(lib_a-strncpy.o)
                              src/camera.o (strncpy)
c:/program files (x86)/atmel/studio/7.0/toolchain/arm/arm-gnu-toolchain/bin/../lib/gcc/arm-none-eabi/6.3.1/../../../../arm-none-eabi/lib/thumb/v7e-m\libc.a(lib_a-strstr.o)
                              src/camera.o (strstr)
c:/program files (x86)/atmel/studio/7.0/toolchain/arm/arm-gnu-toolchain/bin/../lib/gcc/arm-none-eabi/6.3.1/../../../../arm-none-eabi/lib/thumb/v7e-m\libc.a(lib_a-svfprintf.o)
                              c:/program files (x86)/atmel/studio/7.0/toolchain/arm/arm-gnu-toolchain/bin/../lib/gcc/arm-none-eabi/6.3.1/../../../../arm-none-eabi/lib/thumb/v7e-m\libc.a(lib_a-sprintf.o) (_svfprintf_r)
c:/program files (x86)/atmel/studio/7.0/toolchain/arm/arm-gnu-toolchain/bin/../lib/gcc/arm-none-eabi/6.3.1/../../../../arm-none-eabi/lib/thumb/v7e-m\libc.a(lib_a-__call_atexit.o)
                              c:/program files (x86)/atmel/studio/7.0/toolchain/arm/arm-gnu-toolchain/bin/../lib/gcc/arm-none-eabi/6.3.1/../../../../arm-none-eabi/lib/thumb/v7e-m\libc.a(lib_a-exit.o) (__call_exitprocs)
c:/program files (x86)/atmel/studio/7.0/toolchain/arm/arm-gnu-toolchain/bin/../lib/gcc/arm-none-eabi/6.3.1/../../../../arm-none-eabi/lib/thumb/v7e-m\libc.a(lib_a-atexit.o)
                              c:/program files (x86)/atmel/studio/7.0/toolchain/arm/arm-gnu-toolchain/bin/../lib/gcc/arm-none-eabi/6.3.1/../../../../arm-none-eabi/lib/thumb/v7e-m\libc.a(lib_a-__call_atexit.o) (atexit)
c:/program files (x86)/atmel/studio/7.0/toolchain/arm/arm-gnu-toolchain/bin/../lib/gcc/arm-none-eabi/6.3.1/../../../../arm-none-eabi/lib/thumb/v7e-m\libc.a(lib_a-dtoa.o)
                              c:/program files (x86)/atmel/studio/7.0/toolchain/arm/arm-gnu-toolchain/bin/../lib/gcc/arm-none-eabi/6.3.1/../../../../arm-none-eabi/lib/thumb/v7e-m\libc.a(lib_a-svfprintf.o) (_dtoa_r)
[...]
Memory Configuration

Name             Origin             Length             Attributes
rom              0x00400000         0x00080000         xr
ram              0x20000000         0x00020000         xrw
*default*        0x00000000         0xffffffff

Linker script and memory map

LOAD c:/program files (x86)/atmel/studio/7.0/toolchain/arm/arm-gnu-toolchain/bin/../lib/gcc/arm-none-eabi/6.3.1/thumb/v7e-m/crti.o
LOAD c:/program files (x86)/atmel/studio/7.0/toolchain/arm/arm-gnu-toolchain/bin/../lib/gcc/arm-none-eabi/6.3.1/thumb/v7e-m/crtbegin.o
LOAD c:/program files (x86)/atmel/studio/7.0/toolchain/arm/arm-gnu-toolchain/bin/../lib/gcc/arm-none-eabi/6.3.1/../../../../arm-none-eabi/lib/thumb/v7e-m/crt0.o
LOAD src/ASF/common/services/serial/usart_serial.o
LOAD src/ASF/common/utils/stdio/read.o
LOAD src/ASF/common/utils/stdio/write.o
LOAD src/ASF/sam/drivers/spi/spi.o
LOAD src/ASF/sam/drivers/tc/tc.o
LOAD src/ASF/sam/drivers/twi/twi.o
LOAD src/ASF/sam/drivers/uart/uart.o
LOAD src/ASF/sam/drivers/usart/usart.o
LOAD src/camera.o
LOAD src/ov2640.o
LOAD src/ov2640_table_registers.o
LOAD src/timer_interface.o
LOAD src/wifi.o
LOAD src/ASF/common/boards/user_board/init.o
LOAD src/ASF/common/services/clock/sam4s/sysclk.o
LOAD src/ASF/common/services/delay/sam/cycle_counter.o
LOAD src/ASF/common/utils/interrupt/interrupt_sam_nvic.o
LOAD src/ASF/sam/drivers/pio/pio.o
LOAD src/ASF/sam/drivers/pio/pio_handler.o
LOAD src/ASF/sam/drivers/pmc/pmc.o
LOAD src/ASF/sam/drivers/pmc/sleep.o
LOAD src/ASF/sam/drivers/wdt/wdt.o
LOAD src/ASF/sam/utils/cmsis/sam4s/source/templates/gcc/startup_sam4s.o
LOAD src/ASF/sam/utils/cmsis/sam4s/source/templates/system_sam4s.o
LOAD src/ASF/sam/utils/syscalls/gcc/syscalls.o
LOAD src/main.o
START GROUP
LOAD ../src/ASF/thirdparty/CMSIS/Lib/GCC\libarm_cortexM4l_math.a
LOAD c:/program files (x86)/atmel/studio/7.0/toolchain/arm/arm-gnu-toolchain/bin/../lib/gcc/arm-none-eabi/6.3.1/../../../../arm-none-eabi/lib/thumb/v7e-m\libm.a
END GROUP
START GROUP
LOAD c:/program files (x86)/atmel/studio/7.0/toolchain/arm/arm-gnu-toolchain/bin/../lib/gcc/arm-none-eabi/6.3.1/thumb/v7e-m\libgcc.a
LOAD c:/program files (x86)/atmel/studio/7.0/toolchain/arm/arm-gnu-toolchain/bin/../lib/gcc/arm-none-eabi/6.3.1/../../../../arm-none-eabi/lib/thumb/v7e-m\libc.a
END GROUP
LOAD c:/program files (x86)/atmel/studio/7.0/toolchain/arm/arm-gnu-toolchain/bin/../lib/gcc/arm-none-eabi/6.3.1/thumb/v7e-m/crtend.o
LOAD c:/program files (x86)/atmel/studio/7.0/toolchain/arm/arm-gnu-toolchain/bin/../lib/gcc/arm-none-eabi/6.3.1/thumb/v7e-m/crtn.o
                0x00003000                __stack_size__ = DEFINED (__stack_size__)?__stack_size__:0x3000
                0x2001fffc                __ram_end__ = ((ORIGIN (ram) + LENGTH (ram)) - 0x4)

.text           0x00400000     0x8f4c
                0x00400000                . = ALIGN (0x4)
                0x00400000                _sfixed = .
 *(.vectors .vectors.*)
 .vectors       0x00400000       0xcc src/ASF/sam/utils/cmsis/sam4s/source/templates/gcc/startup_sam4s.o
                0x00400000                exception_table
 *(.text .text.* .gnu.linkonce.t.*)
 .text          0x004000cc       0x6c c:/program files (x86)/atmel/studio/7.0/toolchain/arm/arm-gnu-toolchain/bin/../lib/gcc/arm-none-eabi/6.3.1/thumb/v7e-m/crtbegin.o
 .text.sysclk_enable_peripheral_clock
                0x00400138       0x1c src/ASF/sam/drivers/spi/spi.o
 .text.spi_enable_clock
                0x00400154       0x1c src/ASF/sam/drivers/spi/spi.o
                0x00400154                spi_enable_clock
 .text.spi_set_peripheral_chip_select_value
                0x00400170       0x32 src/ASF/sam/drivers/spi/spi.o
                0x00400170                spi_set_peripheral_chip_select_value
 .text.spi_set_clock_polarity
                0x004001a2       0x4e src/ASF/sam/drivers/spi/spi.o
                0x004001a2                spi_set_clock_polarity
 .text.spi_set_clock_phase
                0x004001f0       0x4e src/ASF/sam/drivers/spi/spi.o
                0x004001f0                spi_set_clock_phase
 .text.spi_set_bits_per_transfer
                0x0040023e       0x48 src/ASF/sam/drivers/spi/spi.o
                0x0040023e                spi_set_bits_per_transfer
 .text.tc_init  0x00400286       0x38 src/ASF/sam/drivers/tc/tc.o
                0x00400286                tc_init
 .text.tc_start
                0x004002be       0x20 src/ASF/sam/drivers/tc/tc.o
                0x004002be                tc_start
 .text.tc_write_rc
                0x004002de       0x24 src/ASF/sam/drivers/tc/tc.o
                0x004002de                tc_write_rc
 .text.tc_enable_interrupt
                0x00400302       0x26 src/ASF/sam/drivers/tc/tc.o
                0x00400302                tc_enable_interrupt
 .text.tc_get_status
                0x00400328       0x22 src/ASF/sam/drivers/tc/tc.o
                0x00400328                tc_get_status
 .text.tc_find_mck_divisor
                0x0040034a       0xa4 src/ASF/sam/drivers/tc/tc.o
                0x0040034a                tc_find_mck_divisor
 .text.twi_enable_master_mode
                0x004003ee       0x24 src/ASF/sam/drivers/twi/twi.o
                0x004003ee                twi_enable_master_mode
 *fill*         0x00400412        0x2 
 .text.twi_master_init
                0x00400414       0x64 src/ASF/sam/drivers/twi/twi.o
                0x00400414                twi_master_init
 .text.twi_set_speed
                0x00400478       0xf4 src/ASF/sam/drivers/twi/twi.o
                0x00400478                twi_set_speed
 .text.twi_mk_addr
                0x0040056c       0x5a src/ASF/sam/drivers/twi/twi.o
                0x0040056c                twi_mk_addr
 *fill*         0x004005c6        0x2 
 .text.twi_master_write
                0x004005c8       0xdc src/ASF/sam/drivers/twi/twi.o
                0x004005c8                twi_master_write
 .text.twi_reset
                0x004006a4       0x1c src/ASF/sam/drivers/twi/twi.o
                0x004006a4                twi_reset
 .text.usart_set_async_baudrate
                0x004006c0       0x88 src/ASF/sam/drivers/usart/usart.o
                0x004006c0                usart_set_async_baudrate
 .text.usart_reset
                0x00400748       0x60 src/ASF/sam/drivers/usart/usart.o
                0x00400748                usart_reset
 .text.usart_init_rs232
                0x004007a8       0x84 src/ASF/sam/drivers/usart/usart.o
                0x004007a8                usart_init_rs232
 .text.usart_enable_tx
                0x0040082c       0x18 src/ASF/sam/drivers/usart/usart.o
                0x0040082c                usart_enable_tx
 .text.usart_reset_tx
                0x00400844       0x18 src/ASF/sam/drivers/usart/usart.o
                0x00400844                usart_reset_tx
 .text.usart_enable_rx
                0x0040085c       0x18 src/ASF/sam/drivers/usart/usart.o
                0x0040085c                usart_enable_rx
 .text.usart_reset_rx
                0x00400874       0x18 src/ASF/sam/drivers/usart/usart.o
                0x00400874                usart_reset_rx
 .text.usart_enable_interrupt
                0x0040088c       0x1a src/ASF/sam/drivers/usart/usart.o
                0x0040088c                usart_enable_interrupt
 .text.usart_disable_interrupt
                0x004008a6       0x1a src/ASF/sam/drivers/usart/usart.o
                0x004008a6                usart_disable_interrupt
 .text.usart_get_status
                0x004008c0       0x16 src/ASF/sam/drivers/usart/usart.o
                0x004008c0                usart_get_status
 .text.usart_reset_status
                0x004008d6       0x1a src/ASF/sam/drivers/usart/usart.o
                0x004008d6                usart_reset_status
 .text.usart_drive_DTR_pin_high
                0x004008f0       0x1a src/ASF/sam/drivers/usart/usart.o
                0x004008f0                usart_drive_DTR_pin_high
 .text.usart_drive_RTS_pin_high
                0x0040090a       0x1a src/ASF/sam/drivers/usart/usart.o
                0x0040090a                usart_drive_RTS_pin_high
 .text.usart_putchar
                0x00400924       0x2e src/ASF/sam/drivers/usart/usart.o
                0x00400924                usart_putchar
 *fill*         0x00400952        0x2 
 .text.usart_write_line
                0x00400954       0x30 src/ASF/sam/drivers/usart/usart.o
                0x00400954                usart_write_line
 .text.usart_read
                0x00400984       0x32 src/ASF/sam/drivers/usart/usart.o
                0x00400984                usart_read
 *fill*         0x004009b6        0x2 
 .text.usart_disable_writeprotect
                0x004009b8       0x20 src/ASF/sam/drivers/usart/usart.o
                0x004009b8                usart_disable_writeprotect
 .text.__NVIC_EnableIRQ
                0x004009d8       0x38 src/camera.o
 .text.__NVIC_DisableIRQ
                0x00400a10       0x44 src/camera.o
 .text.__NVIC_ClearPendingIRQ
                0x00400a54       0x3c src/camera.o
 .text.__NVIC_SetPriority
                0x00400a90       0x54 src/camera.o
 .text.osc_get_rate
                0x00400ae4       0x74 src/camera.o
 .text.sysclk_get_main_hz
                0x00400b58       0x1c src/camera.o
 .text.sysclk_get_cpu_hz
                0x00400b74       0x14 src/camera.o
 .text.vsync_handler
                0x00400b88       0x20 src/camera.o
                0x00400b88                vsync_handler
 .text.init_vsync_interrupts
                0x00400ba8       0x38 src/camera.o
                0x00400ba8                init_vsync_interrupts
 .text.configure_twi
                0x00400be0       0x68 src/camera.o
                0x00400be0                configure_twi
 .text.pio_capture_init
                0x00400c48       0x7c src/camera.o
                0x00400c48                pio_capture_init
 .text.pio_capture_to_buffer
                0x00400cc4       0x66 src/camera.o
 *fill*         0x00400d2a        0x2 
 .text.init_camera
                0x00400d2c      0x1a0 src/camera.o
                0x00400d2c                init_camera
 .text.configure_camera
                0x00400ecc       0xb4 src/camera.o
                0x00400ecc                configure_camera
 .text.start_capture
                0x00400f80       0xb0 src/camera.o
                0x00400f80                start_capture
 .text.find_image_len
                0x00401030       0xd0 src/camera.o
                0x00401030                find_image_len
 .text.osc_get_rate
                0x00401100       0x74 src/ov2640.o
 .text.sysclk_get_main_hz
                0x00401174       0x1c src/ov2640.o
 .text.sysclk_get_cpu_hz
                0x00401190       0x14 src/ov2640.o
 .text.ov_write_reg
                0x004011a4       0x24 src/ov2640.o
                0x004011a4                ov_write_reg
 .text.ov_write_regs
                0x004011c8       0xd4 src/ov2640.o
                0x004011c8                ov_write_regs
 .text.ov_configure
                0x0040129c      0x13c src/ov2640.o
                0x0040129c                ov_configure
 .text.__NVIC_EnableIRQ
                0x004013d8       0x38 src/timer_interface.o
 .text.osc_get_rate
                0x00401410       0x74 src/timer_interface.o
 .text.sysclk_get_main_hz
                0x00401484       0x1c src/timer_interface.o
 .text.sysclk_get_cpu_hz
                0x004014a0       0x14 src/timer_interface.o
 .text.TC0_Handler
                0x004014b4       0x3c src/timer_interface.o
                0x004014b4                TC0_Handler
 .text.configure_tc
                0x004014f0       0x8c src/timer_interface.o
                0x004014f0                configure_tc
 .text.__NVIC_EnableIRQ
                0x0040157c       0x38 src/wifi.o
 .text.__NVIC_DisableIRQ
                0x004015b4       0x44 src/wifi.o
 .text.__NVIC_ClearPendingIRQ
                0x004015f8       0x3c src/wifi.o
 .text.__NVIC_SetPriority
                0x00401634       0x54 src/wifi.o
 .text.osc_get_rate
                0x00401688       0x74 src/wifi.o
 .text.sysclk_get_main_hz
                0x004016fc       0x1c src/wifi.o
 .text.sysclk_get_peripheral_hz
                0x00401718       0x14 src/wifi.o
 .text.sysclk_enable_peripheral_clock
                0x0040172c       0x1c src/wifi.o
 .text.spi_reset
                0x00401748       0x18 src/wifi.o
 .text.spi_enable
                0x00401760       0x18 src/wifi.o
 .text.spi_disable
                0x00401778       0x18 src/wifi.o
 .text.spi_set_slave_mode
                0x00401790       0x1e src/wifi.o
 .text.spi_disable_mode_fault_detect
                0x004017ae       0x1e src/wifi.o
 .text.spi_enable_interrupt
                0x004017cc       0x1a src/wifi.o
 *fill*         0x004017e6        0x2 
 .text.wifi_usart_handler
                0x004017e8       0x54 src/wifi.o
                0x004017e8                wifi_usart_handler
 .text.process_incoming_byte_wifi
                0x0040183c       0x2c src/wifi.o
                0x0040183c                process_incoming_byte_wifi
 .text.wifi_provision_handler
                0x00401868       0x20 src/wifi.o
                0x00401868                wifi_provision_handler
 .text.configure_usart_wifi
                0x00401888       0x9c src/wifi.o
                0x00401888                configure_usart_wifi
 .text.configure_wifi_comm_pin
                0x00401924       0x50 src/wifi.o
                0x00401924                configure_wifi_comm_pin
 .text.configure_wifi_provision_pin
                0x00401974       0x4c src/wifi.o
                0x00401974                configure_wifi_provision_pin
 .text.configure_spi
                0x004019c0       0x60 src/wifi.o
                0x004019c0                configure_spi
 .text.spi_peripheral_initialize
                0x00401a20       0x8c src/wifi.o
                0x00401a20                spi_peripheral_initialize
 .text.prepare_spi_transfer
                0x00401aac       0x20 src/wifi.o
                0x00401aac                prepare_spi_transfer
 .text.write_wifi_command
                0x00401acc       0x58 src/wifi.o
                0x00401acc                write_wifi_command
 .text.write_image_to_web
                0x00401b24       0x4c src/wifi.o
                0x00401b24                write_image_to_web
 .text.sysclk_enable_peripheral_clock
                0x00401b70       0x1c src/ASF/common/boards/user_board/init.o
 .text.ioport_init
                0x00401b8c       0x18 src/ASF/common/boards/user_board/init.o
 .text.board_init
                0x00401ba4       0x10 src/ASF/common/boards/user_board/init.o
                0x00401ba4                board_init
 .text.osc_enable
                0x00401bb4       0x88 src/ASF/common/services/clock/sam4s/sysclk.o
 .text.osc_is_ready
                0x00401c3c       0x70 src/ASF/common/services/clock/sam4s/sysclk.o
 .text.osc_get_rate
                0x00401cac       0x74 src/ASF/common/services/clock/sam4s/sysclk.o
 .text.osc_wait_ready
                0x00401d20       0x2c src/ASF/common/services/clock/sam4s/sysclk.o
 .text.pll_config_init
                0x00401d4c       0x54 src/ASF/common/services/clock/sam4s/sysclk.o
 .text.pll_enable
                0x00401da0       0x44 src/ASF/common/services/clock/sam4s/sysclk.o
 .text.pll_is_locked
                0x00401de4       0x2c src/ASF/common/services/clock/sam4s/sysclk.o
 .text.pll_enable_source
                0x00401e10       0x38 src/ASF/common/services/clock/sam4s/sysclk.o
 .text.pll_wait_for_lock
                0x00401e48       0x24 src/ASF/common/services/clock/sam4s/sysclk.o
 .text.sysclk_get_main_hz
                0x00401e6c       0x1c src/ASF/common/services/clock/sam4s/sysclk.o
 .text.sysclk_get_cpu_hz
                0x00401e88       0x14 src/ASF/common/services/clock/sam4s/sysclk.o
 .text.sysclk_init
                0x00401e9c       0x70 src/ASF/common/services/clock/sam4s/sysclk.o
                0x00401e9c                sysclk_init
 .text.pio_pull_up
                0x00401f0c       0x2a src/ASF/sam/drivers/pio/pio.o
                0x00401f0c                pio_pull_up
 .text.pio_set_peripheral
                0x00401f36      0x10e src/ASF/sam/drivers/pio/pio.o
                0x00401f36                pio_set_peripheral
 .text.pio_set_input
                0x00402044       0x80 src/ASF/sam/drivers/pio/pio.o
                0x00402044                pio_set_input
 .text.pio_set_output
                0x004020c4       0x64 src/ASF/sam/drivers/pio/pio.o
                0x004020c4                pio_set_output
 .text.pio_configure_interrupt
                0x00402128       0x6a src/ASF/sam/drivers/pio/pio.o
                0x00402128                pio_configure_interrupt
 .text.pio_enable_interrupt
                0x00402192       0x1a src/ASF/sam/drivers/pio/pio.o
                0x00402192                pio_enable_interrupt
 .text.pio_disable_interrupt
                0x004021ac       0x1a src/ASF/sam/drivers/pio/pio.o
                0x004021ac                pio_disable_interrupt
 .text.pio_get_interrupt_status
                0x004021c6       0x16 src/ASF/sam/drivers/pio/pio.o
                0x004021c6                pio_get_interrupt_status
 .text.pio_get_interrupt_mask
                0x004021dc       0x16 src/ASF/sam/drivers/pio/pio.o
                0x004021dc                pio_get_interrupt_mask
 *fill*         0x004021f2        0x2 
 .text.pio_configure_pin
                0x004021f4      0x1b0 src/ASF/sam/drivers/pio/pio.o
                0x004021f4                pio_configure_pin
 .text.pio_get_pin_group
                0x004023a4       0x24 src/ASF/sam/drivers/pio/pio.o
                0x004023a4                pio_get_pin_group
 .text.pio_capture_enable
                0x004023c8       0x2c src/ASF/sam/drivers/pio/pio.o
                0x004023c8                pio_capture_enable
 .text.pio_capture_disable
                0x004023f4       0x2c src/ASF/sam/drivers/pio/pio.o
                0x004023f4                pio_capture_disable
 .text.pio_handler_process
                0x00402420       0xd4 src/ASF/sam/drivers/pio/pio_handler.o
                0x00402420                pio_handler_process
 .text.pio_handler_set
                0x004024f4       0xa0 src/ASF/sam/drivers/pio/pio_handler.o
                0x004024f4                pio_handler_set
 .text.PIOA_Handler
                0x00402594       0x18 src/ASF/sam/drivers/pio/pio_handler.o
                0x00402594                PIOA_Handler
 .text.PIOB_Handler
                0x004025ac       0x18 src/ASF/sam/drivers/pio/pio_handler.o
                0x004025ac                PIOB_Handler
 .text.pmc_switch_mck_to_pllack
                0x004025c4       0x80 src/ASF/sam/drivers/pmc/pmc.o
                0x004025c4                pmc_switch_mck_to_pllack
 .text.pmc_switch_sclk_to_32kxtal
                0x00402644       0x38 src/ASF/sam/drivers/pmc/pmc.o
                0x00402644                pmc_switch_sclk_to_32kxtal
 .text.pmc_osc_is_ready_32kxtal
                0x0040267c       0x34 src/ASF/sam/drivers/pmc/pmc.o
                0x0040267c                pmc_osc_is_ready_32kxtal
 .text.pmc_switch_mainck_to_fastrc
                0x004026b0       0x70 src/ASF/sam/drivers/pmc/pmc.o
                0x004026b0                pmc_switch_mainck_to_fastrc
 .text.pmc_switch_mainck_to_xtal
                0x00402720       0x78 src/ASF/sam/drivers/pmc/pmc.o
                0x00402720                pmc_switch_mainck_to_xtal
 .text.pmc_osc_is_ready_mainck
                0x00402798       0x18 src/ASF/sam/drivers/pmc/pmc.o
                0x00402798                pmc_osc_is_ready_mainck
 .text.pmc_disable_pllack
                0x004027b0       0x18 src/ASF/sam/drivers/pmc/pmc.o
                0x004027b0                pmc_disable_pllack
 .text.pmc_is_locked_pllack
                0x004027c8       0x18 src/ASF/sam/drivers/pmc/pmc.o
                0x004027c8                pmc_is_locked_pllack
 .text.pmc_enable_pllbck
                0x004027e0       0x50 src/ASF/sam/drivers/pmc/pmc.o
                0x004027e0                pmc_enable_pllbck
 .text.pmc_disable_pllbck
                0x00402830       0x18 src/ASF/sam/drivers/pmc/pmc.o
                0x00402830                pmc_disable_pllbck
 .text.pmc_is_locked_pllbck
                0x00402848       0x18 src/ASF/sam/drivers/pmc/pmc.o
                0x00402848                pmc_is_locked_pllbck
 .text.pmc_enable_periph_clk
                0x00402860       0x80 src/ASF/sam/drivers/pmc/pmc.o
                0x00402860                pmc_enable_periph_clk
 .text.wdt_disable
                0x004028e0       0x1a src/ASF/sam/drivers/wdt/wdt.o
                0x004028e0                wdt_disable
 *fill*         0x004028fa        0x2 
 .text.Reset_Handler
                0x004028fc       0xc8 src/ASF/sam/utils/cmsis/sam4s/source/templates/gcc/startup_sam4s.o
                0x004028fc                Reset_Handler
 .text.Dummy_Handler
                0x004029c4        0x6 src/ASF/sam/utils/cmsis/sam4s/source/templates/gcc/startup_sam4s.o
                0x004029c4                DACC_Handler
                0x004029c4                DebugMon_Handler
                0x004029c4                HardFault_Handler
                0x004029c4                TC2_Handler
                0x004029c4                SPI_Handler
                0x004029c4                SysTick_Handler
                0x004029c4                TWI1_Handler
                0x004029c4                PendSV_Handler
                0x004029c4                NMI_Handler
                0x004029c4                ADC_Handler
                0x004029c4                CRCCU_Handler
                0x004029c4                USART0_Handler
                0x004029c4                RTT_Handler
                0x004029c4                RTC_Handler
                0x004029c4                UsageFault_Handler
                0x004029c4                WDT_Handler
                0x004029c4                TC1_Handler
                0x004029c4                HSMCI_Handler
                0x004029c4                UART1_Handler
                0x004029c4                Dummy_Handler
                0x004029c4                TWI0_Handler
                0x004029c4                USART1_Handler
                0x004029c4                SSC_Handler
                0x004029c4                EFC0_Handler
                0x004029c4                ACC_Handler
                0x004029c4                PMC_Handler
                0x004029c4                PWM_Handler
                0x004029c4                MemManage_Handler
                0x004029c4                SUPC_Handler
                0x004029c4                SVC_Handler
                0x004029c4                UART0_Handler
                0x004029c4                UDP_Handler
                0x004029c4                BusFault_Handler
                0x004029c4                RSTC_Handler
 *fill*         0x004029ca        0x2 
 .text.SystemCoreClockUpdate
                0x004029cc      0x198 src/ASF/sam/utils/cmsis/sam4s/source/templates/system_sam4s.o
                0x004029cc                SystemCoreClockUpdate
 .text.system_init_flash
                0x00402b64       0x94 src/ASF/sam/utils/cmsis/sam4s/source/templates/system_sam4s.o
                0x00402b64                system_init_flash
 .text._sbrk    0x00402bf8       0x58 src/ASF/sam/utils/syscalls/gcc/syscalls.o
                0x00402bf8                _sbrk
 .text.osc_get_rate
                0x00402c50       0x74 src/main.o
 .text.sysclk_get_main_hz
                0x00402cc4       0x1c src/main.o
 .text.sysclk_get_cpu_hz
                0x00402ce0       0x14 src/main.o
 .text.ioport_set_pin_level
                0x00402cf4       0x6a src/main.o
 .text.ioport_get_pin_level
                0x00402d5e       0x4e src/main.o
 .text.main     0x00402dac      0x250 src/main.o
                0x00402dac                main
 .text          0x00402ffc       0x30 c:/program files (x86)/atmel/studio/7.0/toolchain/arm/arm-gnu-toolchain/bin/../lib/gcc/arm-none-eabi/6.3.1/thumb/v7e-m\libgcc.a(_aeabi_uldivmod.o)
                0x00402ffc                __aeabi_uldivmod
 .text          0x0040302c      0x2dc c:/program files (x86)/atmel/studio/7.0/toolchain/arm/arm-gnu-toolchain/bin/../lib/gcc/arm-none-eabi/6.3.1/thumb/v7e-m\libgcc.a(_udivmoddi4.o)
                0x0040302c                __udivmoddi4
 .text          0x00403308        0x4 c:/program files (x86)/atmel/studio/7.0/toolchain/arm/arm-gnu-toolchain/bin/../lib/gcc/arm-none-eabi/6.3.1/thumb/v7e-m\libgcc.a(_dvmd_tls.o)
                0x00403308                __aeabi_idiv0
                0x00403308                __aeabi_ldiv0
 .text.__libc_init_array
                0x0040330c       0x50 c:/program files (x86)/atmel/studio/7.0/toolchain/arm/arm-gnu-toolchain/bin/../lib/gcc/arm-none-eabi/6.3.1/../../../../arm-none-eabi/lib/thumb/v7e-m\libc.a(lib_a-init.o)
                0x0040330c                __libc_init_array
 .text.memset   0x0040335c       0x9c c:/program files (x86)/atmel/studio/7.0/toolchain/arm/arm-gnu-toolchain/bin/../lib/gcc/arm-none-eabi/6.3.1/../../../../arm-none-eabi/lib/thumb/v7e-m\libc.a(lib_a-memset.o)
                0x0040335c                memset
 .text.sprintf  0x004033f8       0x4c c:/program files (x86)/atmel/studio/7.0/toolchain/arm/arm-gnu-toolchain/bin/../lib/gcc/arm-none-eabi/6.3.1/../../../../arm-none-eabi/lib/thumb/v7e-m\libc.a(lib_a-sprintf.o)
                0x004033f8                sprintf
 *fill*         0x00403444       0x3c 
 .text          0x00403480       0xdc c:/program files (x86)/atmel/studio/7.0/toolchain/arm/arm-gnu-toolchain/bin/../lib/gcc/arm-none-eabi/6.3.1/../../../../arm-none-eabi/lib/thumb/v7e-m\libc.a(lib_a-strlen.o)
                0x00403480                strlen
 .text.strncpy  0x0040355c       0x64 c:/program files (x86)/atmel/studio/7.0/toolchain/arm/arm-gnu-toolchain/bin/../lib/gcc/arm-none-eabi/6.3.1/../../../../arm-none-eabi/lib/thumb/v7e-m\libc.a(lib_a-strncpy.o)
                0x0040355c                strncpy
 .text.critical_factorization
                0x004035c0       0xb4 c:/program files (x86)/atmel/studio/7.0/toolchain/arm/arm-gnu-toolchain/bin/../lib/gcc/arm-none-eabi/6.3.1/../../../../arm-none-eabi/lib/thumb/v7e-m\libc.a(lib_a-strstr.o)
 .text.two_way_long_needle
                0x00403674      0x1fc c:/program files (x86)/atmel/studio/7.0/toolchain/arm/arm-gnu-toolchain/bin/../lib/gcc/arm-none-eabi/6.3.1/../../../../arm-none-eabi/lib/thumb/v7e-m\libc.a(lib_a-strstr.o)
 .text.strstr   0x00403870      0x218 c:/program files (x86)/atmel/studio/7.0/toolchain/arm/arm-gnu-toolchain/bin/../lib/gcc/arm-none-eabi/6.3.1/../../../../arm-none-eabi/lib/thumb/v7e-m\libc.a(lib_a-strstr.o)
                0x00403870                strstr
 .text._svfprintf_r
                0x00403a88     0x145c c:/program files (x86)/atmel/studio/7.0/toolchain/arm/arm-gnu-toolchain/bin/../lib/gcc/arm-none-eabi/6.3.1/../../../../arm-none-eabi/lib/thumb/v7e-m\libc.a(lib_a-svfprintf.o)
                0x00403a88                _svfprintf_r
 .text.startup.register_fini
                0x00404ee4       0x14 c:/program files (x86)/atmel/studio/7.0/toolchain/arm/arm-gnu-toolchain/bin/../lib/gcc/arm-none-eabi/6.3.1/../../../../arm-none-eabi/lib/thumb/v7e-m\libc.a(lib_a-__call_atexit.o)
 .text.atexit   0x00404ef8        0xc c:/program files (x86)/atmel/studio/7.0/toolchain/arm/arm-gnu-toolchain/bin/../lib/gcc/arm-none-eabi/6.3.1/../../../../arm-none-eabi/lib/thumb/v7e-m\libc.a(lib_a-atexit.o)
                0x00404ef8                atexit
 .text.quorem   0x00404f04      0x128 c:/program files (x86)/atmel/studio/7.0/toolchain/arm/arm-gnu-toolchain/bin/../lib/gcc/arm-none-eabi/6.3.1/../../../../arm-none-eabi/lib/thumb/v7e-m\libc.a(lib_a-dtoa.o)
 *fill*         0x0040502c        0x4 
 .text._dtoa_r  0x00405030      0xe54 c:/program files (x86)/atmel/studio/7.0/toolchain/arm/arm-gnu-toolchain/bin/../lib/gcc/arm-none-eabi/6.3.1/../../../../arm-none-eabi/lib/thumb/v7e-m\libc.a(lib_a-dtoa.o)
                0x00405030                _dtoa_r
 .text.__libc_fini_array
                0x00405e84       0x34 c:/program files (x86)/atmel/studio/7.0/toolchain/arm/arm-gnu-toolchain/bin/../lib/gcc/arm-none-eabi/6.3.1/../../../../arm-none-eabi/lib/thumb/v7e-m\libc.a(lib_a-fini.o)
                0x00405e84                __libc_fini_array
 .text._localeconv_r
                0x00405eb8       0x1c c:/program files (x86)/atmel/studio/7.0/toolchain/arm/arm-gnu-toolchain/bin/../lib/gcc/arm-none-eabi/6.3.1/../../../../arm-none-eabi/lib/thumb/v7e-m\libc.a(lib_a-localeconv.o)
                0x00405eb8                _localeconv_r
 .text.__retarget_lock_acquire_recursive
                0x00405ed4        0x4 c:/program files (x86)/atmel/studio/7.0/toolchain/arm/arm-gnu-toolchain/bin/../lib/gcc/arm-none-eabi/6.3.1/../../../../arm-none-eabi/lib/thumb/v7e-m\libc.a(lib_a-lock.o)
                0x00405ed4                __retarget_lock_acquire_recursive
 .text.__retarget_lock_release_recursive
                0x00405ed8        0x4 c:/program files (x86)/atmel/studio/7.0/toolchain/arm/arm-gnu-toolchain/bin/../lib/gcc/arm-none-eabi/6.3.1/../../../../arm-none-eabi/lib/thumb/v7e-m\libc.a(lib_a-lock.o)
                0x00405ed8                __retarget_lock_release_recursive
 .text._malloc_r
                0x00405edc      0x560 c:/program files (x86)/atmel/studio/7.0/toolchain/arm/arm-gnu-toolchain/bin/../lib/gcc/arm-none-eabi/6.3.1/../../../../arm-none-eabi/lib/thumb/v7e-m\libc.a(lib_a-mallocr.o)
                0x00405edc                _malloc_r
 *fill*         0x0040643c        0x4 
 .text          0x00406440       0xa0 c:/program files (x86)/atmel/studio/7.0/toolchain/arm/arm-gnu-toolchain/bin/../lib/gcc/arm-none-eabi/6.3.1/../../../../arm-none-eabi/lib/thumb/v7e-m\libc.a(lib_a-memchr.o)
                0x00406440                memchr
 .text.memcmp   0x004064e0       0x60 c:/program files (x86)/atmel/studio/7.0/toolchain/arm/arm-gnu-toolchain/bin/../lib/gcc/arm-none-eabi/6.3.1/../../../../arm-none-eabi/lib/thumb/v7e-m\libc.a(lib_a-memcmp.o)
                0x004064e0                memcmp
 .text          0x00406540      0x134 c:/program files (x86)/atmel/studio/7.0/toolchain/arm/arm-gnu-toolchain/bin/../lib/gcc/arm-none-eabi/6.3.1/../../../../arm-none-eabi/lib/thumb/v7e-m\libc.a(lib_a-memcpy.o)
                0x00406540                memcpy
 .text.__malloc_lock
                0x00406674        0xc c:/program files (x86)/atmel/studio/7.0/toolchain/arm/arm-gnu-toolchain/bin/../lib/gcc/arm-none-eabi/6.3.1/../../../../arm-none-eabi/lib/thumb/v7e-m\libc.a(lib_a-mlock.o)
                0x00406674                __malloc_lock
 .text.__malloc_unlock
                0x00406680        0xc c:/program files (x86)/atmel/studio/7.0/toolchain/arm/arm-gnu-toolchain/bin/../lib/gcc/arm-none-eabi/6.3.1/../../../../arm-none-eabi/lib/thumb/v7e-m\libc.a(lib_a-mlock.o)
                0x00406680                __malloc_unlock
 .text._Balloc  0x0040668c       0x4c c:/program files (x86)/atmel/studio/7.0/toolchain/arm/arm-gnu-toolchain/bin/../lib/gcc/arm-none-eabi/6.3.1/../../../../arm-none-eabi/lib/thumb/v7e-m\libc.a(lib_a-mprec.o)
                0x0040668c                _Balloc
 .text._Bfree   0x004066d8       0x14 c:/program files (x86)/atmel/studio/7.0/toolchain/arm/arm-gnu-toolchain/bin/../lib/gcc/arm-none-eabi/6.3.1/../../../../arm-none-eabi/lib/thumb/v7e-m\libc.a(lib_a-mprec.o)
                0x004066d8                _Bfree
 .text.__multadd
                0x004066ec       0x80 c:/program files (x86)/atmel/studio/7.0/toolchain/arm/arm-gnu-toolchain/bin/../lib/gcc/arm-none-eabi/6.3.1/../../../../arm-none-eabi/lib/thumb/v7e-m\libc.a(lib_a-mprec.o)
                0x004066ec                __multadd
 .text.__hi0bits
                0x0040676c       0x40 c:/program files (x86)/atmel/studio/7.0/toolchain/arm/arm-gnu-toolchain/bin/../lib/gcc/arm-none-eabi/6.3.1/../../../../arm-none-eabi/lib/thumb/v7e-m\libc.a(lib_a-mprec.o)
                0x0040676c                __hi0bits
 .text.__lo0bits
                0x004067ac       0x60 c:/program files (x86)/atmel/studio/7.0/toolchain/arm/arm-gnu-toolchain/bin/../lib/gcc/arm-none-eabi/6.3.1/../../../../arm-none-eabi/lib/thumb/v7e-m\libc.a(lib_a-mprec.o)
                0x004067ac                __lo0bits
 .text.__i2b    0x0040680c       0x14 c:/program files (x86)/atmel/studio/7.0/toolchain/arm/arm-gnu-toolchain/bin/../lib/gcc/arm-none-eabi/6.3.1/../../../../arm-none-eabi/lib/thumb/v7e-m\libc.a(lib_a-mprec.o)
                0x0040680c                __i2b
 .text.__multiply
                0x00406820      0x124 c:/program files (x86)/atmel/studio/7.0/toolchain/arm/arm-gnu-toolchain/bin/../lib/gcc/arm-none-eabi/6.3.1/../../../../arm-none-eabi/lib/thumb/v7e-m\libc.a(lib_a-mprec.o)
                0x00406820                __multiply
 .text.__pow5mult
                0x00406944       0xa0 c:/program files (x86)/atmel/studio/7.0/toolchain/arm/arm-gnu-toolchain/bin/../lib/gcc/arm-none-eabi/6.3.1/../../../../arm-none-eabi/lib/thumb/v7e-m\libc.a(lib_a-mprec.o)
                0x00406944                __pow5mult
 .text.__lshift
                0x004069e4       0xa4 c:/program files (x86)/atmel/studio/7.0/toolchain/arm/arm-gnu-toolchain/bin/../lib/gcc/arm-none-eabi/6.3.1/../../../../arm-none-eabi/lib/thumb/v7e-m\libc.a(lib_a-mprec.o)
                0x004069e4                __lshift
 .text.__mcmp   0x00406a88       0x38 c:/program files (x86)/atmel/studio/7.0/toolchain/arm/arm-gnu-toolchain/bin/../lib/gcc/arm-none-eabi/6.3.1/../../../../arm-none-eabi/lib/thumb/v7e-m\libc.a(lib_a-mprec.o)
                0x00406a88                __mcmp
 .text.__mdiff  0x00406ac0      0x108 c:/program files (x86)/atmel/studio/7.0/toolchain/arm/arm-gnu-toolchain/bin/../lib/gcc/arm-none-eabi/6.3.1/../../../../arm-none-eabi/lib/thumb/v7e-m\libc.a(lib_a-mprec.o)
                0x00406ac0                __mdiff
 .text.__d2b    0x00406bc8       0xb8 c:/program files (x86)/atmel/studio/7.0/toolchain/arm/arm-gnu-toolchain/bin/../lib/gcc/arm-none-eabi/6.3.1/../../../../arm-none-eabi/lib/thumb/v7e-m\libc.a(lib_a-mprec.o)
                0x00406bc8                __d2b
 .text._sbrk_r  0x00406c80       0x24 c:/program files (x86)/atmel/studio/7.0/toolchain/arm/arm-gnu-toolchain/bin/../lib/gcc/arm-none-eabi/6.3.1/../../../../arm-none-eabi/lib/thumb/v7e-m\libc.a(lib_a-sbrkr.o)
                0x00406c80                _sbrk_r
 .text.strchr   0x00406ca4       0xe8 c:/program files (x86)/atmel/studio/7.0/toolchain/arm/arm-gnu-toolchain/bin/../lib/gcc/arm-none-eabi/6.3.1/../../../../arm-none-eabi/lib/thumb/v7e-m\libc.a(lib_a-strchr.o)
                0x00406ca4                strchr
 .text.__ssprint_r
                0x00406d8c       0xfc c:/program files (x86)/atmel/studio/7.0/toolchain/arm/arm-gnu-toolchain/bin/../lib/gcc/arm-none-eabi/6.3.1/../../../../arm-none-eabi/lib/thumb/v7e-m\libc.a(lib_a-svfiprintf.o)
                0x00406d8c                __ssprint_r
 .text.__register_exitproc
                0x00406e88       0xc4 c:/program files (x86)/atmel/studio/7.0/toolchain/arm/arm-gnu-toolchain/bin/../lib/gcc/arm-none-eabi/6.3.1/../../../../arm-none-eabi/lib/thumb/v7e-m\libc.a(lib_a-__atexit.o)
                0x00406e88                __register_exitproc
 .text._calloc_r
                0x00406f4c       0x60 c:/program files (x86)/atmel/studio/7.0/toolchain/arm/arm-gnu-toolchain/bin/../lib/gcc/arm-none-eabi/6.3.1/../../../../arm-none-eabi/lib/thumb/v7e-m\libc.a(lib_a-callocr.o)
                0x00406f4c                _calloc_r
 .text._malloc_trim_r
                0x00406fac       0xa0 c:/program files (x86)/atmel/studio/7.0/toolchain/arm/arm-gnu-toolchain/bin/../lib/gcc/arm-none-eabi/6.3.1/../../../../arm-none-eabi/lib/thumb/v7e-m\libc.a(lib_a-freer.o)
                0x00406fac                _malloc_trim_r
 .text._free_r  0x0040704c      0x1cc c:/program files (x86)/atmel/studio/7.0/toolchain/arm/arm-gnu-toolchain/bin/../lib/gcc/arm-none-eabi/6.3.1/../../../../arm-none-eabi/lib/thumb/v7e-m\libc.a(lib_a-freer.o)
                0x0040704c                _free_r
 .text.__ascii_mbtowc
                0x00407218       0x2c c:/program files (x86)/atmel/studio/7.0/toolchain/arm/arm-gnu-toolchain/bin/../lib/gcc/arm-none-eabi/6.3.1/../../../../arm-none-eabi/lib/thumb/v7e-m\libc.a(lib_a-mbtowc_r.o)
                0x00407218                __ascii_mbtowc
 .text.memmove  0x00407244       0xc8 c:/program files (x86)/atmel/studio/7.0/toolchain/arm/arm-gnu-toolchain/bin/../lib/gcc/arm-none-eabi/6.3.1/../../../../arm-none-eabi/lib/thumb/v7e-m\libc.a(lib_a-memmove.o)
                0x00407244                memmove
 .text._realloc_r
                0x0040730c      0x34c c:/program files (x86)/atmel/studio/7.0/toolchain/arm/arm-gnu-toolchain/bin/../lib/gcc/arm-none-eabi/6.3.1/../../../../arm-none-eabi/lib/thumb/v7e-m\libc.a(lib_a-reallocr.o)
                0x0040730c                _realloc_r
 .text.__ascii_wctomb
                0x00407658       0x1c c:/program files (x86)/atmel/studio/7.0/toolchain/arm/arm-gnu-toolchain/bin/../lib/gcc/arm-none-eabi/6.3.1/../../../../arm-none-eabi/lib/thumb/v7e-m\libc.a(lib_a-wctomb_r.o)
                0x00407658                __ascii_wctomb
 .text          0x00407674      0x370 c:/program files (x86)/atmel/studio/7.0/toolchain/arm/arm-gnu-toolchain/bin/../lib/gcc/arm-none-eabi/6.3.1/thumb/v7e-m\libgcc.a(_arm_addsubdf3.o)
                0x00407674                __aeabi_drsub
                0x0040767c                __aeabi_dsub
                0x0040767c                __subdf3
                0x00407680                __aeabi_dadd
                0x00407680                __adddf3
                0x004078f8                __floatunsidf
                0x004078f8                __aeabi_ui2d
                0x00407918                __floatsidf
                0x00407918                __aeabi_i2d
                0x0040793c                __aeabi_f2d
                0x0040793c                __extendsfdf2
                0x00407978                __floatundidf
                0x00407978                __aeabi_ul2d
                0x00407988                __floatdidf
                0x00407988                __aeabi_l2d
 .text          0x004079e4      0x424 c:/program files (x86)/atmel/studio/7.0/toolchain/arm/arm-gnu-toolchain/bin/../lib/gcc/arm-none-eabi/6.3.1/thumb/v7e-m\libgcc.a(_arm_muldivdf3.o)
                0x004079e4                __aeabi_dmul
                0x004079e4                __muldf3
                0x00407c38                __divdf3
                0x00407c38                __aeabi_ddiv
 .text          0x00407e08      0x110 c:/program files (x86)/atmel/studio/7.0/toolchain/arm/arm-gnu-toolchain/bin/../lib/gcc/arm-none-eabi/6.3.1/thumb/v7e-m\libgcc.a(_arm_cmpdf2.o)
                0x00407e08                __gtdf2
                0x00407e08                __gedf2
                0x00407e10                __ltdf2
                0x00407e10                __ledf2
                0x00407e18                __nedf2
                0x00407e18                __eqdf2
                0x00407e18                __cmpdf2
                0x00407e94                __aeabi_cdrcmple
                0x00407ea4                __aeabi_cdcmpeq
                0x00407ea4                __aeabi_cdcmple
                0x00407eb4                __aeabi_dcmpeq
                0x00407ec8                __aeabi_dcmplt
                0x00407edc                __aeabi_dcmple
                0x00407ef0                __aeabi_dcmpge
                0x00407f04                __aeabi_dcmpgt
 .text          0x00407f18       0x2c c:/program files (x86)/atmel/studio/7.0/toolchain/arm/arm-gnu-toolchain/bin/../lib/gcc/arm-none-eabi/6.3.1/thumb/v7e-m\libgcc.a(_arm_unorddf2.o)
                0x00407f18                __unorddf2
                0x00407f18                __aeabi_dcmpun
 .text          0x00407f44       0x50 c:/program files (x86)/atmel/studio/7.0/toolchain/arm/arm-gnu-toolchain/bin/../lib/gcc/arm-none-eabi/6.3.1/thumb/v7e-m\libgcc.a(_arm_fixdfsi.o)
                0x00407f44                __aeabi_d2iz
                0x00407f44                __fixdfsi
 *(.glue_7t)
 .glue_7t       0x00407f94        0x0 linker stubs
 *(.glue_7)
 .glue_7        0x00407f94        0x0 linker stubs
 *(.rodata .rodata* .gnu.linkonce.r.*)
 .rodata        0x00407f94        0xe src/camera.o
 *fill*         0x00407fa2        0x2 
 .rodata.OV2640_JPEG_INIT
                0x00407fa4      0x17e src/ov2640_table_registers.o
                0x00407fa4                OV2640_JPEG_INIT
 *fill*         0x00408122        0x2 
 .rodata.OV2640_YUV422
                0x00408124       0x14 src/ov2640_table_registers.o
                0x00408124                OV2640_YUV422
 .rodata.OV2640_JPEG
                0x00408138       0x12 src/ov2640_table_registers.o
                0x00408138                OV2640_JPEG
 *fill*         0x0040814a        0x2 
 .rodata.OV2640_JPEG_320x240
                0x0040814c       0x50 src/ov2640_table_registers.o
                0x0040814c                OV2640_JPEG_320x240
 .rodata.OV2640_JPEG_640x480
                0x0040819c       0x52 src/ov2640_table_registers.o
                0x0040819c                OV2640_JPEG_640x480
 *fill*         0x004081ee        0x2 
 .rodata.OV2640_JPEG_800x600
                0x004081f0       0x52 src/ov2640_table_registers.o
                0x004081f0                OV2640_JPEG_800x600
 *fill*         0x00408242        0x2 
 .rodata.OV2640_JPEG_1024x768
                0x00408244       0x4e src/ov2640_table_registers.o
                0x00408244                OV2640_JPEG_1024x768
 *fill*         0x00408292        0x2 
 .rodata.OV2640_JPEG_1280x1024
                0x00408294       0x52 src/ov2640_table_registers.o
                0x00408294                OV2640_JPEG_1280x1024
 *fill*         0x004082e6        0x2 
 .rodata.OV2640_JPEG_1600x1200
                0x004082e8       0x52 src/ov2640_table_registers.o
                0x004082e8                OV2640_JPEG_1600x1200
 *fill*         0x0040833a        0x2 
 .rodata.OV2640_QVGA_YUV422_10FPS
                0x0040833c       0xf0 src/ov2640_table_registers.o
                0x0040833c                OV2640_QVGA_YUV422_10FPS
 .rodata.OV2640_QVGA_YUV422_15FPS
                0x0040842c       0xf0 src/ov2640_table_registers.o
                0x0040842c                OV2640_QVGA_YUV422_15FPS
 .rodata.OV2640_QVGA_YUV422_20FPS
                0x0040851c       0xf0 src/ov2640_table_registers.o
                0x0040851c                OV2640_QVGA_YUV422_20FPS
 .rodata.OV2640_QVGA_YUV422_30FPS
                0x0040860c       0xf0 src/ov2640_table_registers.o
                0x0040860c                OV2640_QVGA_YUV422_30FPS
 .rodata.OV2640_QVGA_RGB888
                0x004086fc       0xf4 src/ov2640_table_registers.o
                0x004086fc                OV2640_QVGA_RGB888
 .rodata.OV2640_QQVGA_YUV422
                0x004087f0       0xf4 src/ov2640_table_registers.o
                0x004087f0                OV2640_QQVGA_YUV422
 .rodata.OV2640_QQVGA_RGB888
                0x004088e4       0xf4 src/ov2640_table_registers.o
                0x004088e4                OV2640_QQVGA_RGB888
 .rodata.OV2640_TEST_PATTERN
                0x004089d8       0xf4 src/ov2640_table_registers.o
                0x004089d8                OV2640_TEST_PATTERN
 .rodata.OV2640_VGA_YUV422_20FPS
                0x00408acc       0xf0 src/ov2640_table_registers.o
                0x00408acc                OV2640_VGA_YUV422_20FPS
 .rodata        0x00408bbc       0x34 src/wifi.o
 .rodata        0x00408bf0       0xab src/main.o
 *fill*         0x00408c9b        0x1 
 .rodata._global_impure_ptr
                0x00408c9c        0x4 c:/program files (x86)/atmel/studio/7.0/toolchain/arm/arm-gnu-toolchain/bin/../lib/gcc/arm-none-eabi/6.3.1/../../../../arm-none-eabi/lib/thumb/v7e-m\libc.a(lib_a-impure.o)
                0x00408c9c                _global_impure_ptr
 .rodata._svfprintf_r.str1.4
                0x00408ca0       0x42 c:/program files (x86)/atmel/studio/7.0/toolchain/arm/arm-gnu-toolchain/bin/../lib/gcc/arm-none-eabi/6.3.1/../../../../arm-none-eabi/lib/thumb/v7e-m\libc.a(lib_a-svfprintf.o)
 *fill*         0x00408ce2        0x2 
 .rodata.blanks.7223
                0x00408ce4       0x10 c:/program files (x86)/atmel/studio/7.0/toolchain/arm/arm-gnu-toolchain/bin/../lib/gcc/arm-none-eabi/6.3.1/../../../../arm-none-eabi/lib/thumb/v7e-m\libc.a(lib_a-svfprintf.o)
 .rodata.zeroes.7224
                0x00408cf4       0x10 c:/program files (x86)/atmel/studio/7.0/toolchain/arm/arm-gnu-toolchain/bin/../lib/gcc/arm-none-eabi/6.3.1/../../../../arm-none-eabi/lib/thumb/v7e-m\libc.a(lib_a-svfprintf.o)
 .rodata._dtoa_r.str1.4
                0x00408d04       0x10 c:/program files (x86)/atmel/studio/7.0/toolchain/arm/arm-gnu-toolchain/bin/../lib/gcc/arm-none-eabi/6.3.1/../../../../arm-none-eabi/lib/thumb/v7e-m\libc.a(lib_a-dtoa.o)
                                 0x12 (size before relaxing)
 *fill*         0x00408d14        0x4 
 .rodata.__mprec_bigtens
                0x00408d18       0x28 c:/program files (x86)/atmel/studio/7.0/toolchain/arm/arm-gnu-toolchain/bin/../lib/gcc/arm-none-eabi/6.3.1/../../../../arm-none-eabi/lib/thumb/v7e-m\libc.a(lib_a-mprec.o)
                0x00408d18                __mprec_bigtens
 .rodata.__mprec_tens
                0x00408d40       0xc8 c:/program files (x86)/atmel/studio/7.0/toolchain/arm/arm-gnu-toolchain/bin/../lib/gcc/arm-none-eabi/6.3.1/../../../../arm-none-eabi/lib/thumb/v7e-m\libc.a(lib_a-mprec.o)
                0x00408d40                __mprec_tens
 .rodata.p05.6055
                0x00408e08        0xc c:/program files (x86)/atmel/studio/7.0/toolchain/arm/arm-gnu-toolchain/bin/../lib/gcc/arm-none-eabi/6.3.1/../../../../arm-none-eabi/lib/thumb/v7e-m\libc.a(lib_a-mprec.o)
 .rodata._setlocale_r.str1.4
                0x00408e14        0xa c:/program files (x86)/atmel/studio/7.0/toolchain/arm/arm-gnu-toolchain/bin/../lib/gcc/arm-none-eabi/6.3.1/../../../../arm-none-eabi/lib/thumb/v7e-m\libc.a(lib_a-locale.o)
                                  0xd (size before relaxing)
 *fill*         0x00408e1e        0x2 
 .rodata.str1.4
                0x00408e20        0x4 c:/program files (x86)/atmel/studio/7.0/toolchain/arm/arm-gnu-toolchain/bin/../lib/gcc/arm-none-eabi/6.3.1/../../../../arm-none-eabi/lib/thumb/v7e-m\libc.a(lib_a-locale.o)
                                  0x2 (size before relaxing)
 .rodata._ctype_
                0x00408e24      0x101 c:/program files (x86)/atmel/studio/7.0/toolchain/arm/arm-gnu-toolchain/bin/../lib/gcc/arm-none-eabi/6.3.1/../../../../arm-none-eabi/lib/thumb/v7e-m\libc.a(lib_a-ctype_.o)
                0x00408e24                _ctype_
 *(.ARM.extab* .gnu.linkonce.armextab.*)
                0x00408f28                . = ALIGN (0x4)
 *fill*         0x00408f25        0x3 
 *(.init)
 .init          0x00408f28        0x4 c:/program files (x86)/atmel/studio/7.0/toolchain/arm/arm-gnu-toolchain/bin/../lib/gcc/arm-none-eabi/6.3.1/thumb/v7e-m/crti.o
                0x00408f28                _init
 .init          0x00408f2c        0x8 c:/program files (x86)/atmel/studio/7.0/toolchain/arm/arm-gnu-toolchain/bin/../lib/gcc/arm-none-eabi/6.3.1/thumb/v7e-m/crtn.o
                0x00408f34                . = ALIGN (0x4)
                0x00408f34                __preinit_array_start = .
 *(.preinit_array)
                0x00408f34                __preinit_array_end = .
                0x00408f34                . = ALIGN (0x4)
                0x00408f34                __init_array_start = .
 *(SORT(.init_array.*))
 .init_array.00000
                0x00408f34        0x4 c:/program files (x86)/atmel/studio/7.0/toolchain/arm/arm-gnu-toolchain/bin/../lib/gcc/arm-none-eabi/6.3.1/../../../../arm-none-eabi/lib/thumb/v7e-m\libc.a(lib_a-__call_atexit.o)
 *(.init_array)
 .init_array    0x00408f38        0x4 c:/program files (x86)/atmel/studio/7.0/toolchain/arm/arm-gnu-toolchain/bin/../lib/gcc/arm-none-eabi/6.3.1/thumb/v7e-m/crtbegin.o
                0x00408f3c                __init_array_end = .
                0x00408f3c                . = ALIGN (0x4)
 *crtbegin.o(.ctors)
 *(EXCLUDE_FILE(*crtend.o) .ctors)
 *(SORT(.ctors.*))
 *crtend.o(.ctors)
                0x00408f3c                . = ALIGN (0x4)
 *(.fini)
 .fini          0x00408f3c        0x4 c:/program files (x86)/atmel/studio/7.0/toolchain/arm/arm-gnu-toolchain/bin/../lib/gcc/arm-none-eabi/6.3.1/thumb/v7e-m/crti.o
                0x00408f3c                _fini
 .fini          0x00408f40        0x8 c:/program files (x86)/atmel/studio/7.0/toolchain/arm/arm-gnu-toolchain/bin/../lib/gcc/arm-none-eabi/6.3.1/thumb/v7e-m/crtn.o
                0x00408f48                . = ALIGN (0x4)
                0x00408f48                __fini_array_start = .
 *(.fini_array)
 .fini_array    0x00408f48        0x4 c:/program files (x86)/atmel/studio/7.0/toolchain/arm/arm-gnu-toolchain/bin/../lib/gcc/arm-none-eabi/6.3.1/thumb/v7e-m/crtbegin.o
 *(SORT(.fini_array.*))
                0x00408f4c                __fini_array_end = .
 *crtbegin.o(.dtors)
 *(EXCLUDE_FILE(*crtend.o) .dtors)
 *(SORT(.dtors.*))
 *crtend.o(.dtors)
                0x00408f4c                . = ALIGN (0x4)
                0x00408f4c                _efixed = .
                [!provide]                PROVIDE (__exidx_start, .)

.vfp11_veneer   0x00408f4c        0x0
 .vfp11_veneer  0x00408f4c        0x0 linker stubs

.v4_bx          0x00408f4c        0x0
 .v4_bx         0x00408f4c        0x0 linker stubs

.iplt           0x00408f4c        0x0
 .iplt          0x00408f4c        0x0 c:/program files (x86)/atmel/studio/7.0/toolchain/arm/arm-gnu-toolchain/bin/../lib/gcc/arm-none-eabi/6.3.1/thumb/v7e-m/crtbegin.o

.ARM.exidx      0x00408f4c        0x8
 *(.ARM.exidx* .gnu.linkonce.armexidx.*)
 .ARM.exidx     0x00408f4c        0x8 c:/program files (x86)/atmel/studio/7.0/toolchain/arm/arm-gnu-toolchain/bin/../lib/gcc/arm-none-eabi/6.3.1/thumb/v7e-m\libgcc.a(_udivmoddi4.o)
                [!provide]                PROVIDE (__exidx_end, .)

.eh_frame       0x00408f54        0x0
 .eh_frame      0x00408f54        0x0 c:/program files (x86)/atmel/studio/7.0/toolchain/arm/arm-gnu-toolchain/bin/../lib/gcc/arm-none-eabi/6.3.1/thumb/v7e-m/crtbegin.o

.rel.dyn        0x00408f54        0x0
 .rel.iplt      0x00408f54        0x0 c:/program files (x86)/atmel/studio/7.0/toolchain/arm/arm-gnu-toolchain/bin/../lib/gcc/arm-none-eabi/6.3.1/thumb/v7e-m/crtbegin.o

.jcr            0x00408f54        0x0
 .jcr           0x00408f54        0x0 c:/program files (x86)/atmel/studio/7.0/toolchain/arm/arm-gnu-toolchain/bin/../lib/gcc/arm-none-eabi/6.3.1/thumb/v7e-m/crtbegin.o

.igot.plt       0x00408f54        0x0
 .igot.plt      0x00408f54        0x0 c:/program files (x86)/atmel/studio/7.0/toolchain/arm/arm-gnu-toolchain/bin/../lib/gcc/arm-none-eabi/6.3.1/thumb/v7e-m/crtbegin.o
                0x00408f54                . = ALIGN (0x4)
                0x00408f54                _etext = .

.relocate       0x20000000      0x9c0 load address 0x00408f54
                0x20000000                . = ALIGN (0x4)
                0x20000000                _srelocate = .
 *(.ramfunc .ramfunc.*)
 .ramfunc       0x20000000        0xa src/ASF/common/services/delay/sam/cycle_counter.o
                0x20000000                portable_delay_cycles
 *(.data .data.*)
 .data.g_us_cap_rows
                0x2000000a        0x2 src/camera.o
                0x2000000a                g_us_cap_rows
 .data.g_us_cap_line
                0x2000000c        0x2 src/camera.o
                0x2000000c                g_us_cap_line
 *fill*         0x2000000e        0x2 
 .data.SystemCoreClock
                0x20000010        0x4 src/ASF/sam/utils/cmsis/sam4s/source/templates/system_sam4s.o
                0x20000010                SystemCoreClock
 .data._impure_ptr
                0x20000014        0x4 c:/program files (x86)/atmel/studio/7.0/toolchain/arm/arm-gnu-toolchain/bin/../lib/gcc/arm-none-eabi/6.3.1/../../../../arm-none-eabi/lib/thumb/v7e-m\libc.a(lib_a-impure.o)
                0x20000014                _impure_ptr
 .data.impure_data
                0x20000018      0x428 c:/program files (x86)/atmel/studio/7.0/toolchain/arm/arm-gnu-toolchain/bin/../lib/gcc/arm-none-eabi/6.3.1/../../../../arm-none-eabi/lib/thumb/v7e-m\libc.a(lib_a-impure.o)
 .data.__atexit_recursive_mutex
                0x20000440        0x4 c:/program files (x86)/atmel/studio/7.0/toolchain/arm/arm-gnu-toolchain/bin/../lib/gcc/arm-none-eabi/6.3.1/../../../../arm-none-eabi/lib/thumb/v7e-m\libc.a(lib_a-__call_atexit.o)
                0x20000440                __atexit_recursive_mutex
 .data.__malloc_av_
                0x20000444      0x408 c:/program files (x86)/atmel/studio/7.0/toolchain/arm/arm-gnu-toolchain/bin/../lib/gcc/arm-none-eabi/6.3.1/../../../../arm-none-eabi/lib/thumb/v7e-m\libc.a(lib_a-mallocr.o)
                0x20000444                __malloc_av_
 .data.__malloc_sbrk_base
                0x2000084c        0x4 c:/program files (x86)/atmel/studio/7.0/toolchain/arm/arm-gnu-toolchain/bin/../lib/gcc/arm-none-eabi/6.3.1/../../../../arm-none-eabi/lib/thumb/v7e-m\libc.a(lib_a-mallocr.o)
                0x2000084c                __malloc_sbrk_base
 .data.__malloc_trim_threshold
                0x20000850        0x4 c:/program files (x86)/atmel/studio/7.0/toolchain/arm/arm-gnu-toolchain/bin/../lib/gcc/arm-none-eabi/6.3.1/../../../../arm-none-eabi/lib/thumb/v7e-m\libc.a(lib_a-mallocr.o)
                0x20000850                __malloc_trim_threshold
 .data.__global_locale
                0x20000854      0x16c c:/program files (x86)/atmel/studio/7.0/toolchain/arm/arm-gnu-toolchain/bin/../lib/gcc/arm-none-eabi/6.3.1/../../../../arm-none-eabi/lib/thumb/v7e-m\libc.a(lib_a-locale.o)
                0x20000854                __global_locale
                0x200009c0                . = ALIGN (0x4)
                0x200009c0                _erelocate = .

.bss            0x200009c0      0x510 load address 0x00409914
                0x200009c0                . = ALIGN (0x4)
                0x200009c0                _sbss = .
                0x200009c0                _szero = .
 *(.bss .bss.*)
 .bss           0x200009c0       0x1c c:/program files (x86)/atmel/studio/7.0/toolchain/arm/arm-gnu-toolchain/bin/../lib/gcc/arm-none-eabi/6.3.1/thumb/v7e-m/crtbegin.o
 .bss.ul_reg_val.7523
                0x200009dc        0x4 src/ASF/sam/drivers/usart/usart.o
 .bss.g_ul_vsync_flag
                0x200009e0        0x4 src/camera.o
 .bss.transfer_index
                0x200009e4        0x4 src/wifi.o
                0x200009e4                transfer_index
 .bss.transfer_len
                0x200009e8        0x4 src/wifi.o
                0x200009e8                transfer_len
 .bss.processing_done_flag
                0x200009ec        0x1 src/wifi.o
                0x200009ec                processing_done_flag
 *fill*         0x200009ed        0x3 
 .bss.gs_interrupt_sources
                0x200009f0       0x70 src/ASF/sam/drivers/pio/pio_handler.o
 .bss.gs_ul_nb_sources
                0x20000a60        0x4 src/ASF/sam/drivers/pio/pio_handler.o
 .bss.pio_capture_handler
                0x20000a64        0x4 src/ASF/sam/drivers/pio/pio_handler.o
 .bss.heap.5297
                0x20000a68        0x4 src/ASF/sam/utils/syscalls/gcc/syscalls.o
 .bss.__malloc_current_mallinfo
                0x20000a6c       0x28 c:/program files (x86)/atmel/studio/7.0/toolchain/arm/arm-gnu-toolchain/bin/../lib/gcc/arm-none-eabi/6.3.1/../../../../arm-none-eabi/lib/thumb/v7e-m\libc.a(lib_a-mallocr.o)
                0x20000a6c                __malloc_current_mallinfo
 .bss.__malloc_max_sbrked_mem
                0x20000a94        0x4 c:/program files (x86)/atmel/studio/7.0/toolchain/arm/arm-gnu-toolchain/bin/../lib/gcc/arm-none-eabi/6.3.1/../../../../arm-none-eabi/lib/thumb/v7e-m\libc.a(lib_a-mallocr.o)
                0x20000a94                __malloc_max_sbrked_mem
 .bss.__malloc_max_total_mem
                0x20000a98        0x4 c:/program files (x86)/atmel/studio/7.0/toolchain/arm/arm-gnu-toolchain/bin/../lib/gcc/arm-none-eabi/6.3.1/../../../../arm-none-eabi/lib/thumb/v7e-m\libc.a(lib_a-mallocr.o)
                0x20000a98                __malloc_max_total_mem
 .bss.__malloc_top_pad
                0x20000a9c        0x4 c:/program files (x86)/atmel/studio/7.0/toolchain/arm/arm-gnu-toolchain/bin/../lib/gcc/arm-none-eabi/6.3.1/../../../../arm-none-eabi/lib/thumb/v7e-m\libc.a(lib_a-mallocr.o)
                0x20000a9c                __malloc_top_pad
 *(COMMON)
 COMMON         0x20000aa0        0x8 src/camera.o
                0x20000aa0                image_len
                0x20000aa4                g_p_uc_cap_dest_buf
 COMMON         0x20000aa8        0x1 src/timer_interface.o
                0x20000aa8                counts
 *fill*         0x20000aa9        0x3 
 COMMON         0x20000aac      0x3f5 src/wifi.o
                0x20000aac                input_line_wifi
                0x20000e94                received_byte_wifi
                0x20000e98                new_rx_wifi
                0x20000e99                wifi_comm_success
                0x20000e9c                input_pos_wifi
                0x20000ea0                wifi_provision_flag
 *fill*         0x20000ea1        0x3 
 COMMON         0x20000ea4        0x4 src/ASF/sam/drivers/pio/pio.o
                0x20000ea4                pio_capture_enable_flag
 COMMON         0x20000ea8       0x21 c:/program files (x86)/atmel/studio/7.0/toolchain/arm/arm-gnu-toolchain/bin/../lib/gcc/arm-none-eabi/6.3.1/../../../../arm-none-eabi/lib/thumb/v7e-m\libc.a(lib_a-lock.o)
                0x20000ea8                __lock___atexit_recursive_mutex
                0x20000eac                __lock___arc4random_mutex
                0x20000eb0                __lock___env_recursive_mutex
                0x20000eb4                __lock___sinit_recursive_mutex
                0x20000eb8                __lock___malloc_recursive_mutex
                0x20000ebc                __lock___at_quick_exit_mutex
                0x20000ec0                __lock___dd_hash_mutex
                0x20000ec4                __lock___tz_mutex
                0x20000ec8                __lock___sfp_recursive_mutex
 *fill*         0x20000ec9        0x3 
 COMMON         0x20000ecc        0x4 c:/program files (x86)/atmel/studio/7.0/toolchain/arm/arm-gnu-toolchain/bin/../lib/gcc/arm-none-eabi/6.3.1/../../../../arm-none-eabi/lib/thumb/v7e-m\libc.a(lib_a-reent.o)
                0x20000ecc                errno
                0x20000ed0                . = ALIGN (0x4)
                0x20000ed0                _ebss = .
                0x20000ed0                _ezero = .

.stack          0x20000ed0     0x3000 load address 0x00409e24
                0x20000ed0                . = ALIGN (0x8)
                0x20000ed0                _sstack = .
                0x20003ed0                . = (. + __stack_size__)
 *fill*         0x20000ed0     0x3000 
                0x20003ed0                . = ALIGN (0x8)
                0x20003ed0                _estack = .
                0x20003ed0                . = ALIGN (0x4)
                0x20003ed0                _end = .
OUTPUT(GccBoardProject1.elf elf32-littlearm)

.ARM.attributes
                0x00000000       0x2a
 .ARM.attributes
                0x00000000       0x1e c:/program files (x86)/atmel/studio/7.0/toolchain/arm/arm-gnu-toolchain/bin/../lib/gcc/arm-none-eabi/6.3.1/thumb/v7e-m/crti.o
 .ARM.attributes
                0x0000001e       0x2e c:/program files (x86)/atmel/studio/7.0/toolchain/arm/arm-gnu-toolchain/bin/../lib/gcc/arm-none-eabi/6.3.1/thumb/v7e-m/crtbegin.o
 .ARM.attributes
                0x0000004c       0x33 src/ASF/sam/drivers/spi/spi.o
 .ARM.attributes
                0x0000007f       0x33 src/ASF/sam/drivers/tc/tc.o
 .ARM.attributes
                0x000000b2       0x33 src/ASF/sam/drivers/twi/twi.o
 .ARM.attributes
                0x000000e5       0x33 src/ASF/sam/drivers/usart/usart.o
 .ARM.attributes
                0x00000118       0x33 src/camera.o
 .ARM.attributes
                0x0000014b       0x33 src/ov2640.o
 .ARM.attributes
                0x0000017e       0x33 src/ov2640_table_registers.o
 .ARM.attributes
                0x000001b1       0x33 src/timer_interface.o
 .ARM.attributes
                0x000001e4       0x33 src/wifi.o
 .ARM.attributes
                0x00000217       0x33 src/ASF/common/boards/user_board/init.o
 .ARM.attributes
                0x0000024a       0x33 src/ASF/common/services/clock/sam4s/sysclk.o
 .ARM.attributes
                0x0000027d       0x33 src/ASF/common/services/delay/sam/cycle_counter.o
 .ARM.attributes
                0x000002b0       0x33 src/ASF/sam/drivers/pio/pio.o
 .ARM.attributes
                0x000002e3       0x33 src/ASF/sam/drivers/pio/pio_handler.o
 .ARM.attributes
                0x00000316       0x33 src/ASF/sam/drivers/pmc/pmc.o
 .ARM.attributes
                0x00000349       0x33 src/ASF/sam/drivers/wdt/wdt.o
 .ARM.attributes
                0x0000037c       0x33 src/ASF/sam/utils/cmsis/sam4s/source/templates/gcc/startup_sam4s.o
 .ARM.attributes
                0x000003af       0x33 src/ASF/sam/utils/cmsis/sam4s/source/templates/system_sam4s.o
 .ARM.attributes
                0x000003e2       0x33 src/ASF/sam/utils/syscalls/gcc/syscalls.o
 .ARM.attributes
                0x00000415       0x33 src/main.o
 .ARM.attributes
                0x00000448       0x1e c:/program files (x86)/atmel/studio/7.0/toolchain/arm/arm-gnu-toolchain/bin/../lib/gcc/arm-none-eabi/6.3.1/thumb/v7e-m\libgcc.a(_aeabi_uldivmod.o)
 .ARM.attributes
                0x00000466       0x2e c:/program files (x86)/atmel/studio/7.0/toolchain/arm/arm-gnu-toolchain/bin/../lib/gcc/arm-none-eabi/6.3.1/thumb/v7e-m\libgcc.a(_udivmoddi4.o)
 .ARM.attributes
                0x00000494       0x1e c:/program files (x86)/atmel/studio/7.0/toolchain/arm/arm-gnu-toolchain/bin/../lib/gcc/arm-none-eabi/6.3.1/thumb/v7e-m\libgcc.a(_dvmd_tls.o)
 .ARM.attributes
                0x000004b2       0x2e c:/program files (x86)/atmel/studio/7.0/toolchain/arm/arm-gnu-toolchain/bin/../lib/gcc/arm-none-eabi/6.3.1/../../../../arm-none-eabi/lib/thumb/v7e-m\libc.a(lib_a-impure.o)
 .ARM.attributes
                0x000004e0       0x2e c:/program files (x86)/atmel/studio/7.0/toolchain/arm/arm-gnu-toolchain/bin/../lib/gcc/arm-none-eabi/6.3.1/../../../../arm-none-eabi/lib/thumb/v7e-m\libc.a(lib_a-init.o)
 .ARM.attributes
                0x0000050e       0x2e c:/program files (x86)/atmel/studio/7.0/toolchain/arm/arm-gnu-toolchain/bin/../lib/gcc/arm-none-eabi/6.3.1/../../../../arm-none-eabi/lib/thumb/v7e-m\libc.a(lib_a-memset.o)
 .ARM.attributes
                0x0000053c       0x2e c:/program files (x86)/atmel/studio/7.0/toolchain/arm/arm-gnu-toolchain/bin/../lib/gcc/arm-none-eabi/6.3.1/../../../../arm-none-eabi/lib/thumb/v7e-m\libc.a(lib_a-sprintf.o)
 .ARM.attributes
                0x0000056a       0x1c c:/program files (x86)/atmel/studio/7.0/toolchain/arm/arm-gnu-toolchain/bin/../lib/gcc/arm-none-eabi/6.3.1/../../../../arm-none-eabi/lib/thumb/v7e-m\libc.a(lib_a-strlen.o)
 .ARM.attributes
                0x00000586       0x2e c:/program files (x86)/atmel/studio/7.0/toolchain/arm/arm-gnu-toolchain/bin/../lib/gcc/arm-none-eabi/6.3.1/../../../../arm-none-eabi/lib/thumb/v7e-m\libc.a(lib_a-strncpy.o)
 .ARM.attributes
                0x000005b4       0x2e c:/program files (x86)/atmel/studio/7.0/toolchain/arm/arm-gnu-toolchain/bin/../lib/gcc/arm-none-eabi/6.3.1/../../../../arm-none-eabi/lib/thumb/v7e-m\libc.a(lib_a-strstr.o)
 .ARM.attributes
                0x000005e2       0x2e c:/program files (x86)/atmel/studio/7.0/toolchain/arm/arm-gnu-toolchain/bin/../lib/gcc/arm-none-eabi/6.3.1/../../../../arm-none-eabi/lib/thumb/v7e-m\libc.a(lib_a-svfprintf.o)
 .ARM.attributes
                0x00000610       0x2e c:/program files (x86)/atmel/studio/7.0/toolchain/arm/arm-gnu-toolchain/bin/../lib/gcc/arm-none-eabi/6.3.1/../../../../arm-none-eabi/lib/thumb/v7e-m\libc.a(lib_a-__call_atexit.o)
 .ARM.attributes
                0x0000063e       0x2e c:/program files (x86)/atmel/studio/7.0/toolchain/arm/arm-gnu-toolchain/bin/../lib/gcc/arm-none-eabi/6.3.1/../../../../arm-none-eabi/lib/thumb/v7e-m\libc.a(lib_a-atexit.o)
 .ARM.attributes
                0x0000066c       0x2e c:/program files (x86)/atmel/studio/7.0/toolchain/arm/arm-gnu-toolchain/bin/../lib/gcc/arm-none-eabi/6.3.1/../../../../arm-none-eabi/lib/thumb/v7e-m\libc.a(lib_a-dtoa.o)
 .ARM.attributes
                0x0000069a       0x2e c:/program files (x86)/atmel/studio/7.0/toolchain/arm/arm-gnu-toolchain/bin/../lib/gcc/arm-none-eabi/6.3.1/../../../../arm-none-eabi/lib/thumb/v7e-m\libc.a(lib_a-fini.o)
 .ARM.attributes
                0x000006c8       0x2e c:/program files (x86)/atmel/studio/7.0/toolchain/arm/arm-gnu-toolchain/bin/../lib/gcc/arm-none-eabi/6.3.1/../../../../arm-none-eabi/lib/thumb/v7e-m\libc.a(lib_a-localeconv.o)
 .ARM.attributes
                0x000006f6       0x2e c:/program files (x86)/atmel/studio/7.0/toolchain/arm/arm-gnu-toolchain/bin/../lib/gcc/arm-none-eabi/6.3.1/../../../../arm-none-eabi/lib/thumb/v7e-m\libc.a(lib_a-lock.o)
 .ARM.attributes
                0x00000724       0x2e c:/program files (x86)/atmel/studio/7.0/toolchain/arm/arm-gnu-toolchain/bin/../lib/gcc/arm-none-eabi/6.3.1/../../../../arm-none-eabi/lib/thumb/v7e-m\libc.a(lib_a-mallocr.o)
 .ARM.attributes
                0x00000752       0x1c c:/program files (x86)/atmel/studio/7.0/toolchain/arm/arm-gnu-toolchain/bin/../lib/gcc/arm-none-eabi/6.3.1/../../../../arm-none-eabi/lib/thumb/v7e-m\libc.a(lib_a-memchr.o)
 .ARM.attributes
                0x0000076e       0x2e c:/program files (x86)/atmel/studio/7.0/toolchain/arm/arm-gnu-toolchain/bin/../lib/gcc/arm-none-eabi/6.3.1/../../../../arm-none-eabi/lib/thumb/v7e-m\libc.a(lib_a-memcmp.o)
 .ARM.attributes
                0x0000079c       0x1c c:/program files (x86)/atmel/studio/7.0/toolchain/arm/arm-gnu-toolchain/bin/../lib/gcc/arm-none-eabi/6.3.1/../../../../arm-none-eabi/lib/thumb/v7e-m\libc.a(lib_a-memcpy.o)
 .ARM.attributes
                0x000007b8       0x2e c:/program files (x86)/atmel/studio/7.0/toolchain/arm/arm-gnu-toolchain/bin/../lib/gcc/arm-none-eabi/6.3.1/../../../../arm-none-eabi/lib/thumb/v7e-m\libc.a(lib_a-mlock.o)
 .ARM.attributes
                0x000007e6       0x2e c:/program files (x86)/atmel/studio/7.0/toolchain/arm/arm-gnu-toolchain/bin/../lib/gcc/arm-none-eabi/6.3.1/../../../../arm-none-eabi/lib/thumb/v7e-m\libc.a(lib_a-mprec.o)
 .ARM.attributes
                0x00000814       0x2e c:/program files (x86)/atmel/studio/7.0/toolchain/arm/arm-gnu-toolchain/bin/../lib/gcc/arm-none-eabi/6.3.1/../../../../arm-none-eabi/lib/thumb/v7e-m\libc.a(lib_a-sbrkr.o)
 .ARM.attributes
                0x00000842       0x2e c:/program files (x86)/atmel/studio/7.0/toolchain/arm/arm-gnu-toolchain/bin/../lib/gcc/arm-none-eabi/6.3.1/../../../../arm-none-eabi/lib/thumb/v7e-m\libc.a(lib_a-strchr.o)
 .ARM.attributes
                0x00000870       0x2e c:/program files (x86)/atmel/studio/7.0/toolchain/arm/arm-gnu-toolchain/bin/../lib/gcc/arm-none-eabi/6.3.1/../../../../arm-none-eabi/lib/thumb/v7e-m\libc.a(lib_a-svfiprintf.o)
 .ARM.attributes
                0x0000089e       0x2e c:/program files (x86)/atmel/studio/7.0/toolchain/arm/arm-gnu-toolchain/bin/../lib/gcc/arm-none-eabi/6.3.1/../../../../arm-none-eabi/lib/thumb/v7e-m\libc.a(lib_a-__atexit.o)
 .ARM.attributes
                0x000008cc       0x2e c:/program files (x86)/atmel/studio/7.0/toolchain/arm/arm-gnu-toolchain/bin/../lib/gcc/arm-none-eabi/6.3.1/../../../../arm-none-eabi/lib/thumb/v7e-m\libc.a(lib_a-callocr.o)
 .ARM.attributes
                0x000008fa       0x2e c:/program files (x86)/atmel/studio/7.0/toolchain/arm/arm-gnu-toolchain/bin/../lib/gcc/arm-none-eabi/6.3.1/../../../../arm-none-eabi/lib/thumb/v7e-m\libc.a(lib_a-freer.o)
 .ARM.attributes
                0x00000928       0x2e c:/program files (x86)/atmel/studio/7.0/toolchain/arm/arm-gnu-toolchain/bin/../lib/gcc/arm-none-eabi/6.3.1/../../../../arm-none-eabi/lib/thumb/v7e-m\libc.a(lib_a-locale.o)
 .ARM.attributes
                0x00000956       0x2e c:/program files (x86)/atmel/studio/7.0/toolchain/arm/arm-gnu-toolchain/bin/../lib/gcc/arm-none-eabi/6.3.1/../../../../arm-none-eabi/lib/thumb/v7e-m\libc.a(lib_a-mbtowc_r.o)
 .ARM.attributes
                0x00000984       0x2e c:/program files (x86)/atmel/studio/7.0/toolchain/arm/arm-gnu-toolchain/bin/../lib/gcc/arm-none-eabi/6.3.1/../../../../arm-none-eabi/lib/thumb/v7e-m\libc.a(lib_a-memmove.o)
 .ARM.attributes
                0x000009b2       0x2e c:/program files (x86)/atmel/studio/7.0/toolchain/arm/arm-gnu-toolchain/bin/../lib/gcc/arm-none-eabi/6.3.1/../../../../arm-none-eabi/lib/thumb/v7e-m\libc.a(lib_a-reallocr.o)
 .ARM.attributes
                0x000009e0       0x2e c:/program files (x86)/atmel/studio/7.0/toolchain/arm/arm-gnu-toolchain/bin/../lib/gcc/arm-none-eabi/6.3.1/../../../../arm-none-eabi/lib/thumb/v7e-m\libc.a(lib_a-reent.o)
 .ARM.attributes
                0x00000a0e       0x2e c:/program files (x86)/atmel/studio/7.0/toolchain/arm/arm-gnu-toolchain/bin/../lib/gcc/arm-none-eabi/6.3.1/../../../../arm-none-eabi/lib/thumb/v7e-m\libc.a(lib_a-wctomb_r.o)
 .ARM.attributes
                0x00000a3c       0x2e c:/program files (x86)/atmel/studio/7.0/toolchain/arm/arm-gnu-toolchain/bin/../lib/gcc/arm-none-eabi/6.3.1/../../../../arm-none-eabi/lib/thumb/v7e-m\libc.a(lib_a-ctype_.o)
 .ARM.attributes
                0x00000a6a       0x1e c:/program files (x86)/atmel/studio/7.0/toolchain/arm/arm-gnu-toolchain/bin/../lib/gcc/arm-none-eabi/6.3.1/thumb/v7e-m\libgcc.a(_arm_addsubdf3.o)
 .ARM.attributes
                0x00000a88       0x1e c:/program files (x86)/atmel/studio/7.0/toolchain/arm/arm-gnu-toolchain/bin/../lib/gcc/arm-none-eabi/6.3.1/thumb/v7e-m\libgcc.a(_arm_muldivdf3.o)
 .ARM.attributes
                0x00000aa6       0x1e c:/program files (x86)/atmel/studio/7.0/toolchain/arm/arm-gnu-toolchain/bin/../lib/gcc/arm-none-eabi/6.3.1/thumb/v7e-m\libgcc.a(_arm_cmpdf2.o)
 .ARM.attributes
                0x00000ac4       0x1e c:/program files (x86)/atmel/studio/7.0/toolchain/arm/arm-gnu-toolchain/bin/../lib/gcc/arm-none-eabi/6.3.1/thumb/v7e-m\libgcc.a(_arm_unorddf2.o)
 .ARM.attributes
                0x00000ae2       0x1e c:/program files (x86)/atmel/studio/7.0/toolchain/arm/arm-gnu-toolchain/bin/../lib/gcc/arm-none-eabi/6.3.1/thumb/v7e-m\libgcc.a(_arm_fixdfsi.o)
 .ARM.attributes
                0x00000b00       0x1e c:/program files (x86)/atmel/studio/7.0/toolchain/arm/arm-gnu-toolchain/bin/../lib/gcc/arm-none-eabi/6.3.1/thumb/v7e-m/crtn.o

.comment        0x00000000       0x59
 .comment       0x00000000       0x59 src/ASF/sam/drivers/spi/spi.o
                                 0x5a (size before relaxing)
 .comment       0x00000059       0x5a src/ASF/sam/drivers/tc/tc.o
 .comment       0x00000059       0x5a src/ASF/sam/drivers/twi/twi.o
 .comment       0x00000059       0x5a src/ASF/sam/drivers/usart/usart.o
 .comment       0x00000059       0x5a src/camera.o
 .comment       0x00000059       0x5a src/ov2640.o
 .comment       0x00000059       0x5a src/ov2640_table_registers.o
 .comment       0x00000059       0x5a src/timer_interface.o
 .comment       0x00000059       0x5a src/wifi.o
 .comment       0x00000059       0x5a src/ASF/common/boards/user_board/init.o
 .comment       0x00000059       0x5a src/ASF/common/services/clock/sam4s/sysclk.o
 .comment       0x00000059       0x5a src/ASF/common/services/delay/sam/cycle_counter.o
 .comment       0x00000059       0x5a src/ASF/sam/drivers/pio/pio.o
 .comment       0x00000059       0x5a src/ASF/sam/drivers/pio/pio_handler.o
 .comment       0x00000059       0x5a src/ASF/sam/drivers/pmc/pmc.o
 .comment       0x00000059       0x5a src/ASF/sam/drivers/wdt/wdt.o
 .comment       0x00000059       0x5a src/ASF/sam/utils/cmsis/sam4s/source/templates/gcc/startup_sam4s.o
 .comment       0x00000059       0x5a src/ASF/sam/utils/cmsis/sam4s/source/templates/system_sam4s.o
 .comment       0x00000059       0x5a src/ASF/sam/utils/syscalls/gcc/syscalls.o
 .comment       0x00000059       0x5a src/main.o

.debug_info     0x00000000    0x18543
 .debug_info    0x00000000     0x11ad src/ASF/sam/drivers/spi/spi.o
 .debug_info    0x000011ad     0x1252 src/ASF/sam/drivers/tc/tc.o
 .debug_info    0x000023ff     0x137a src/ASF/sam/drivers/twi/twi.o
 .debug_info    0x00003779     0x1e90 src/ASF/sam/drivers/usart/usart.o
 .debug_info    0x00005609     0x2047 src/camera.o
 .debug_info    0x00007650     0x1b08 src/ov2640.o
 .debug_info    0x00009158      0xc72 src/ov2640_table_registers.o
 .debug_info    0x00009dca     0x10b3 src/timer_interface.o
 .debug_info    0x0000ae7d     0x212b src/wifi.o
 .debug_info    0x0000cfa8      0xb32 src/ASF/common/boards/user_board/init.o
 .debug_info    0x0000dada     0x126e src/ASF/common/services/clock/sam4s/sysclk.o
 .debug_info    0x0000ed48      0xa45 src/ASF/common/services/delay/sam/cycle_counter.o
 .debug_info    0x0000f78d     0x1d8d src/ASF/sam/drivers/pio/pio.o
 .debug_info    0x0001151a     0x17de src/ASF/sam/drivers/pio/pio_handler.o
 .debug_info    0x00012cf8     0x19b0 src/ASF/sam/drivers/pmc/pmc.o
 .debug_info    0x000146a8      0xbe3 src/ASF/sam/drivers/wdt/wdt.o
 .debug_info    0x0001528b      0x6d0 src/ASF/sam/utils/cmsis/sam4s/source/templates/gcc/startup_sam4s.o
 .debug_info    0x0001595b      0x45c src/ASF/sam/utils/cmsis/sam4s/source/templates/system_sam4s.o
 .debug_info    0x00015db7      0xdbc src/ASF/sam/utils/syscalls/gcc/syscalls.o
 .debug_info    0x00016b73     0x19d0 src/main.o

.debug_abbrev   0x00000000     0x318d
 .debug_abbrev  0x00000000      0x2cf src/ASF/sam/drivers/spi/spi.o
 .debug_abbrev  0x000002cf      0x24a src/ASF/sam/drivers/tc/tc.o
 .debug_abbrev  0x00000519      0x28f src/ASF/sam/drivers/twi/twi.o
 .debug_abbrev  0x000007a8      0x2c1 src/ASF/sam/drivers/usart/usart.o
 .debug_abbrev  0x00000a69      0x364 src/camera.o
 .debug_abbrev  0x00000dcd      0x333 src/ov2640.o
 .debug_abbrev  0x00001100      0x1b4 src/ov2640_table_registers.o
 .debug_abbrev  0x000012b4      0x298 src/timer_interface.o
 .debug_abbrev  0x0000154c      0x362 src/wifi.o
 .debug_abbrev  0x000018ae      0x225 src/ASF/common/boards/user_board/init.o
 .debug_abbrev  0x00001ad3      0x2aa src/ASF/common/services/clock/sam4s/sysclk.o
 .debug_abbrev  0x00001d7d      0x1b3 src/ASF/common/services/delay/sam/cycle_counter.o
 .debug_abbrev  0x00001f30      0x296 src/ASF/sam/drivers/pio/pio.o
 .debug_abbrev  0x000021c6      0x2e7 src/ASF/sam/drivers/pio/pio_handler.o
 .debug_abbrev  0x000024ad      0x2b8 src/ASF/sam/drivers/pmc/pmc.o
 .debug_abbrev  0x00002765      0x207 src/ASF/sam/drivers/wdt/wdt.o
 .debug_abbrev  0x0000296c      0x15e src/ASF/sam/utils/cmsis/sam4s/source/templates/gcc/startup_sam4s.o
 .debug_abbrev  0x00002aca      0x102 src/ASF/sam/utils/cmsis/sam4s/source/templates/system_sam4s.o
 .debug_abbrev  0x00002bcc      0x22a src/ASF/sam/utils/syscalls/gcc/syscalls.o
 .debug_abbrev  0x00002df6      0x397 src/main.o

.debug_loc      0x00000000     0x7992
 .debug_loc     0x00000000      0x630 src/ASF/sam/drivers/spi/spi.o
 .debug_loc     0x00000630      0x844 src/ASF/sam/drivers/tc/tc.o
 .debug_loc     0x00000e74      0x7ac src/ASF/sam/drivers/twi/twi.o
 .debug_loc     0x00001620     0x17d4 src/ASF/sam/drivers/usart/usart.o
 .debug_loc     0x00002df4      0x4a0 src/camera.o
 .debug_loc     0x00003294      0x5c4 src/ov2640.o
 .debug_loc     0x00003858      0x1b0 src/timer_interface.o
 .debug_loc     0x00003a08      0x8fa src/wifi.o
 .debug_loc     0x00004302       0xa8 src/ASF/common/boards/user_board/init.o
 .debug_loc     0x000043aa      0x4a0 src/ASF/common/services/clock/sam4s/sysclk.o
 .debug_loc     0x0000484a     0x1174 src/ASF/sam/drivers/pio/pio.o
 .debug_loc     0x000059be      0x364 src/ASF/sam/drivers/pio/pio_handler.o
 .debug_loc     0x00005d22     0x1468 src/ASF/sam/drivers/pmc/pmc.o
 .debug_loc     0x0000718a      0x228 src/ASF/sam/drivers/wdt/wdt.o
 .debug_loc     0x000073b2       0x64 src/ASF/sam/utils/cmsis/sam4s/source/templates/gcc/startup_sam4s.o
 .debug_loc     0x00007416       0xe4 src/ASF/sam/utils/cmsis/sam4s/source/templates/system_sam4s.o
 .debug_loc     0x000074fa      0x300 src/ASF/sam/utils/syscalls/gcc/syscalls.o
 .debug_loc     0x000077fa      0x198 src/main.o

.debug_aranges  0x00000000      0xd70
 .debug_aranges
                0x00000000       0xa8 src/ASF/sam/drivers/spi/spi.o
 .debug_aranges
                0x000000a8       0xd0 src/ASF/sam/drivers/tc/tc.o
 .debug_aranges
                0x00000178       0xc8 src/ASF/sam/drivers/twi/twi.o
 .debug_aranges
                0x00000240      0x238 src/ASF/sam/drivers/usart/usart.o
 .debug_aranges
                0x00000478       0x98 src/camera.o
 .debug_aranges
                0x00000510       0xb0 src/ov2640.o
 .debug_aranges
                0x000005c0       0x18 src/ov2640_table_registers.o
 .debug_aranges
                0x000005d8       0x48 src/timer_interface.o
 .debug_aranges
                0x00000620      0x100 src/wifi.o
 .debug_aranges
                0x00000720       0x30 src/ASF/common/boards/user_board/init.o
 .debug_aranges
                0x00000750       0x98 src/ASF/common/services/clock/sam4s/sysclk.o
 .debug_aranges
                0x000007e8       0x20 src/ASF/common/services/delay/sam/cycle_counter.o
 .debug_aranges
                0x00000808      0x1a8 src/ASF/sam/drivers/pio/pio.o
 .debug_aranges
                0x000009b0       0x70 src/ASF/sam/drivers/pio/pio_handler.o
 .debug_aranges
                0x00000a20      0x208 src/ASF/sam/drivers/pmc/pmc.o
 .debug_aranges
                0x00000c28       0x48 src/ASF/sam/drivers/wdt/wdt.o
 .debug_aranges
                0x00000c70       0x28 src/ASF/sam/utils/cmsis/sam4s/source/templates/gcc/startup_sam4s.o
 .debug_aranges
                0x00000c98       0x30 src/ASF/sam/utils/cmsis/sam4s/source/templates/system_sam4s.o
 .debug_aranges
                0x00000cc8       0x60 src/ASF/sam/utils/syscalls/gcc/syscalls.o
 .debug_aranges
                0x00000d28       0x48 src/main.o

.debug_ranges   0x00000000      0xc40
 .debug_ranges  0x00000000       0x98 src/ASF/sam/drivers/spi/spi.o
 .debug_ranges  0x00000098       0xc0 src/ASF/sam/drivers/tc/tc.o
 .debug_ranges  0x00000158       0xb8 src/ASF/sam/drivers/twi/twi.o
 .debug_ranges  0x00000210      0x228 src/ASF/sam/drivers/usart/usart.o
 .debug_ranges  0x00000438       0x88 src/camera.o
 .debug_ranges  0x000004c0       0xa0 src/ov2640.o
 .debug_ranges  0x00000560       0x38 src/timer_interface.o
 .debug_ranges  0x00000598       0xf0 src/wifi.o
 .debug_ranges  0x00000688       0x20 src/ASF/common/boards/user_board/init.o
 .debug_ranges  0x000006a8       0x88 src/ASF/common/services/clock/sam4s/sysclk.o
 .debug_ranges  0x00000730       0x10 src/ASF/common/services/delay/sam/cycle_counter.o
 .debug_ranges  0x00000740      0x198 src/ASF/sam/drivers/pio/pio.o
 .debug_ranges  0x000008d8       0x60 src/ASF/sam/drivers/pio/pio_handler.o
 .debug_ranges  0x00000938      0x1f8 src/ASF/sam/drivers/pmc/pmc.o
 .debug_ranges  0x00000b30       0x38 src/ASF/sam/drivers/wdt/wdt.o
 .debug_ranges  0x00000b68       0x18 src/ASF/sam/utils/cmsis/sam4s/source/templates/gcc/startup_sam4s.o
 .debug_ranges  0x00000b80       0x20 src/ASF/sam/utils/cmsis/sam4s/source/templates/system_sam4s.o
 .debug_ranges  0x00000ba0       0x50 src/ASF/sam/utils/syscalls/gcc/syscalls.o
 .debug_ranges  0x00000bf0       0x50 src/main.o

.debug_macro    0x00000000     0x83e2
 .debug_macro   0x00000000      0x576 src/ASF/sam/drivers/spi/spi.o
 .debug_macro   0x00000576       0x10 src/ASF/sam/drivers/spi/spi.o
 .debug_macro   0x00000586      0x508 src/ASF/sam/drivers/tc/tc.o
 .debug_macro   0x00000a8e       0x52 src/ASF/sam/drivers/tc/tc.o
 .debug_macro   0x00000ae0       0x8d src/ASF/sam/drivers/tc/tc.o
 .debug_macro   0x00000b6d       0x16 src/ASF/sam/drivers/tc/tc.o
 .debug_macro   0x00000b83       0x57 src/ASF/sam/drivers/tc/tc.o
 .debug_macro   0x00000bda       0x1c src/ASF/sam/drivers/tc/tc.o
 .debug_macro   0x00000bf6      0x52c src/ASF/sam/drivers/twi/twi.o
 .debug_macro   0x00001122       0x46 src/ASF/sam/drivers/twi/twi.o
 .debug_macro   0x00001168      0x538 src/ASF/sam/drivers/usart/usart.o
 .debug_macro   0x000016a0       0x28 src/ASF/sam/drivers/usart/usart.o
 .debug_macro   0x000016c8      0x6c4 src/camera.o
 .debug_macro   0x00001d8c       0x28 src/camera.o
 .debug_macro   0x00001db4       0x22 src/camera.o
 .debug_macro   0x00001dd6       0x94 src/camera.o
 .debug_macro   0x00001e6a       0x40 src/camera.o
 .debug_macro   0x00001eaa       0x88 src/camera.o
 .debug_macro   0x00001f32       0x34 src/camera.o
 .debug_macro   0x00001f66       0x16 src/camera.o
 .debug_macro   0x00001f7c       0x4c src/camera.o
 .debug_macro   0x00001fc8       0x10 src/camera.o
 .debug_macro   0x00001fd8       0x16 src/camera.o
 .debug_macro   0x00001fee       0x10 src/camera.o
 .debug_macro   0x00001ffe       0x16 src/camera.o
 .debug_macro   0x00002014      0x1a2 src/camera.o
 .debug_macro   0x000021b6      0x401 src/camera.o
 .debug_macro   0x000025b7      0x5ca src/ov2640.o
 .debug_macro   0x00002b81      0x3fb src/ov2640.o
 .debug_macro   0x00002f7c      0x5a6 src/ov2640_table_registers.o
 .debug_macro   0x00003522      0x2d9 src/ov2640_table_registers.o
 .debug_macro   0x000037fb      0x6b4 src/timer_interface.o
 .debug_macro   0x00003eaf      0x6c8 src/wifi.o
 .debug_macro   0x00004577       0x10 src/wifi.o
 .debug_macro   0x00004587      0x1a8 src/wifi.o
 .debug_macro   0x0000472f      0x13c src/wifi.o
 .debug_macro   0x0000486b      0x67f src/ASF/common/boards/user_board/init.o
 .debug_macro   0x00004eea      0x56d src/ASF/common/services/clock/sam4s/sysclk.o
 .debug_macro   0x00005457      0x502 src/ASF/common/services/delay/sam/cycle_counter.o
 .debug_macro   0x00005959       0x22 src/ASF/common/services/delay/sam/cycle_counter.o
 .debug_macro   0x0000597b      0x508 src/ASF/sam/drivers/pio/pio.o
 .debug_macro   0x00005e83       0x8e src/ASF/sam/drivers/pio/pio.o
 .debug_macro   0x00005f11      0x512 src/ASF/sam/drivers/pio/pio_handler.o
 .debug_macro   0x00006423      0x508 src/ASF/sam/drivers/pmc/pmc.o
 .debug_macro   0x0000692b       0x52 src/ASF/sam/drivers/pmc/pmc.o
 .debug_macro   0x0000697d      0x515 src/ASF/sam/drivers/wdt/wdt.o
 .debug_macro   0x00006e92      0x2f4 src/ASF/sam/utils/cmsis/sam4s/source/templates/gcc/startup_sam4s.o
 .debug_macro   0x00007186      0x2fc src/ASF/sam/utils/cmsis/sam4s/source/templates/system_sam4s.o
 .debug_macro   0x00007482      0x1d6 src/ASF/sam/utils/syscalls/gcc/syscalls.o
 .debug_macro   0x00007658       0x97 src/ASF/sam/utils/syscalls/gcc/syscalls.o
 .debug_macro   0x000076ef      0x353 src/ASF/sam/utils/syscalls/gcc/syscalls.o
 .debug_macro   0x00007a42       0xf6 src/ASF/sam/utils/syscalls/gcc/syscalls.o
 .debug_macro   0x00007b38       0x4c src/ASF/sam/utils/syscalls/gcc/syscalls.o
 .debug_macro   0x00007b84       0x16 src/ASF/sam/utils/syscalls/gcc/syscalls.o
 .debug_macro   0x00007b9a       0x10 src/ASF/sam/utils/syscalls/gcc/syscalls.o
 .debug_macro   0x00007baa       0x10 src/ASF/sam/utils/syscalls/gcc/syscalls.o
 .debug_macro   0x00007bba       0x35 src/ASF/sam/utils/syscalls/gcc/syscalls.o
 .debug_macro   0x00007bef      0x122 src/ASF/sam/utils/syscalls/gcc/syscalls.o
 .debug_macro   0x00007d11      0x6d1 src/main.o

.debug_line     0x00000000    0x10182
 .debug_line    0x00000000      0xce6 src/ASF/sam/drivers/spi/spi.o
 .debug_line    0x00000ce6      0xbde src/ASF/sam/drivers/tc/tc.o
 .debug_line    0x000018c4      0xc8a src/ASF/sam/drivers/twi/twi.o
 .debug_line    0x0000254e     0x100f src/ASF/sam/drivers/usart/usart.o
 .debug_line    0x0000355d     0x10fa src/camera.o
 .debug_line    0x00004657      0xec6 src/ov2640.o
 .debug_line    0x0000551d      0xbed src/ov2640_table_registers.o
 .debug_line    0x0000610a      0xf95 src/timer_interface.o
 .debug_line    0x0000709f     0x11c2 src/wifi.o
 .debug_line    0x00008261      0xf06 src/ASF/common/boards/user_board/init.o
 .debug_line    0x00009167      0xcb9 src/ASF/common/services/clock/sam4s/sysclk.o
 .debug_line    0x00009e20      0xa3f src/ASF/common/services/delay/sam/cycle_counter.o
 .debug_line    0x0000a85f      0xe58 src/ASF/sam/drivers/pio/pio.o
 .debug_line    0x0000b6b7      0xb51 src/ASF/sam/drivers/pio/pio_handler.o
 .debug_line    0x0000c208     0x1033 src/ASF/sam/drivers/pmc/pmc.o
 .debug_line    0x0000d23b      0xa8c src/ASF/sam/drivers/wdt/wdt.o
 .debug_line    0x0000dcc7      0x820 src/ASF/sam/utils/cmsis/sam4s/source/templates/gcc/startup_sam4s.o
 .debug_line    0x0000e4e7      0x868 src/ASF/sam/utils/cmsis/sam4s/source/templates/system_sam4s.o
 .debug_line    0x0000ed4f      0x417 src/ASF/sam/utils/syscalls/gcc/syscalls.o
 .debug_line    0x0000f166     0x101c src/main.o

.debug_str      0x00000000    0x52c02
 .debug_str     0x00000000    0x4baf7 src/ASF/sam/drivers/spi/spi.o
                              0x4bf0b (size before relaxing)
 .debug_str     0x0004baf7      0x383 src/ASF/sam/drivers/tc/tc.o
                              0x4a96e (size before relaxing)
 .debug_str     0x0004be7a      0x51e src/ASF/sam/drivers/twi/twi.o
                              0x4ab4e (size before relaxing)
 .debug_str     0x0004c398      0x958 src/ASF/sam/drivers/usart/usart.o
                              0x4b008 (size before relaxing)
 .debug_str     0x0004ccf0     0x35e6 src/camera.o
                              0x4f537 (size before relaxing)
 .debug_str     0x000502d6      0x1d5 src/ov2640.o
                              0x4e019 (size before relaxing)
 .debug_str     0x000504ab       0x20 src/ov2640_table_registers.o
                              0x4d7ce (size before relaxing)
 .debug_str     0x000504cb       0x66 src/timer_interface.o
                              0x4ce8f (size before relaxing)
 .debug_str     0x00050531      0xa0e src/wifi.o
                              0x4e716 (size before relaxing)
 .debug_str     0x00050f3f       0x47 src/ASF/common/boards/user_board/init.o
                              0x4ca86 (size before relaxing)
 .debug_str     0x00050f86      0x2c1 src/ASF/common/services/clock/sam4s/sysclk.o
                              0x4bef3 (size before relaxing)
 .debug_str     0x00051247       0x35 src/ASF/common/services/delay/sam/cycle_counter.o
                              0x4a783 (size before relaxing)
 .debug_str     0x0005127c      0x4ae src/ASF/sam/drivers/pio/pio.o
                              0x4b223 (size before relaxing)
 .debug_str     0x0005172a      0x11d src/ASF/sam/drivers/pio/pio_handler.o
                              0x4b127 (size before relaxing)
 .debug_str     0x00051847      0x53a src/ASF/sam/drivers/pmc/pmc.o
                              0x4b06f (size before relaxing)
 .debug_str     0x00051d81       0xfe src/ASF/sam/drivers/wdt/wdt.o
                              0x4a70a (size before relaxing)
 .debug_str     0x00051e7f      0x428 src/ASF/sam/utils/cmsis/sam4s/source/templates/gcc/startup_sam4s.o
                              0x3a225 (size before relaxing)
 .debug_str     0x000522a7       0xb9 src/ASF/sam/utils/cmsis/sam4s/source/templates/system_sam4s.o
                              0x39fca (size before relaxing)
 .debug_str     0x00052360      0x77b src/ASF/sam/utils/syscalls/gcc/syscalls.o
                               0x742a (size before relaxing)
 .debug_str     0x00052adb      0x127 src/main.o
                              0x4f837 (size before relaxing)

.debug_frame    0x00000000     0x4588
 .debug_frame   0x00000000      0x2c8 src/ASF/sam/drivers/spi/spi.o
 .debug_frame   0x000002c8      0x3a8 src/ASF/sam/drivers/tc/tc.o
 .debug_frame   0x00000670      0x36c src/ASF/sam/drivers/twi/twi.o
 .debug_frame   0x000009dc      0xa7c src/ASF/sam/drivers/usart/usart.o
 .debug_frame   0x00001458      0x268 src/camera.o
 .debug_frame   0x000016c0      0x2c0 src/ov2640.o
 .debug_frame   0x00001980       0xe4 src/timer_interface.o
 .debug_frame   0x00001a64      0x440 src/wifi.o
 .debug_frame   0x00001ea4       0x6c src/ASF/common/boards/user_board/init.o
 .debug_frame   0x00001f10      0x244 src/ASF/common/services/clock/sam4s/sysclk.o
 .debug_frame   0x00002154       0x20 src/ASF/common/services/delay/sam/cycle_counter.o
 .debug_frame   0x00002174      0x7c0 src/ASF/sam/drivers/pio/pio.o
 .debug_frame   0x00002934      0x1a4 src/ASF/sam/drivers/pio/pio_handler.o
 .debug_frame   0x00002ad8      0x920 src/ASF/sam/drivers/pmc/pmc.o
 .debug_frame   0x000033f8      0x100 src/ASF/sam/drivers/wdt/wdt.o
 .debug_frame   0x000034f8       0x48 src/ASF/sam/utils/cmsis/sam4s/source/templates/gcc/startup_sam4s.o
 .debug_frame   0x00003540       0x78 src/ASF/sam/utils/cmsis/sam4s/source/templates/system_sam4s.o
 .debug_frame   0x000035b8      0x164 src/ASF/sam/utils/syscalls/gcc/syscalls.o
 .debug_frame   0x0000371c       0xe8 src/main.o
 .debug_frame   0x00003804       0x2c c:/program files (x86)/atmel/studio/7.0/toolchain/arm/arm-gnu-toolchain/bin/../lib/gcc/arm-none-eabi/6.3.1/thumb/v7e-m\libgcc.a(_aeabi_uldivmod.o)
 .debug_frame   0x00003830       0x34 c:/program files (x86)/atmel/studio/7.0/toolchain/arm/arm-gnu-toolchain/bin/../lib/gcc/arm-none-eabi/6.3.1/thumb/v7e-m\libgcc.a(_udivmoddi4.o)
 .debug_frame   0x00003864       0x2c c:/program files (x86)/atmel/studio/7.0/toolchain/arm/arm-gnu-toolchain/bin/../lib/gcc/arm-none-eabi/6.3.1/../../../../arm-none-eabi/lib/thumb/v7e-m\libc.a(lib_a-init.o)
 .debug_frame   0x00003890       0x34 c:/program files (x86)/atmel/studio/7.0/toolchain/arm/arm-gnu-toolchain/bin/../lib/gcc/arm-none-eabi/6.3.1/../../../../arm-none-eabi/lib/thumb/v7e-m\libc.a(lib_a-memset.o)
 .debug_frame   0x000038c4       0x84 c:/program files (x86)/atmel/studio/7.0/toolchain/arm/arm-gnu-toolchain/bin/../lib/gcc/arm-none-eabi/6.3.1/../../../../arm-none-eabi/lib/thumb/v7e-m\libc.a(lib_a-sprintf.o)
 .debug_frame   0x00003948       0x34 c:/program files (x86)/atmel/studio/7.0/toolchain/arm/arm-gnu-toolchain/bin/../lib/gcc/arm-none-eabi/6.3.1/../../../../arm-none-eabi/lib/thumb/v7e-m\libc.a(lib_a-strncpy.o)
 .debug_frame   0x0000397c       0xd8 c:/program files (x86)/atmel/studio/7.0/toolchain/arm/arm-gnu-toolchain/bin/../lib/gcc/arm-none-eabi/6.3.1/../../../../arm-none-eabi/lib/thumb/v7e-m\libc.a(lib_a-strstr.o)
 .debug_frame   0x00003a54       0x40 c:/program files (x86)/atmel/studio/7.0/toolchain/arm/arm-gnu-toolchain/bin/../lib/gcc/arm-none-eabi/6.3.1/../../../../arm-none-eabi/lib/thumb/v7e-m\libc.a(lib_a-svfprintf.o)
 .debug_frame   0x00003a94       0x5c c:/program files (x86)/atmel/studio/7.0/toolchain/arm/arm-gnu-toolchain/bin/../lib/gcc/arm-none-eabi/6.3.1/../../../../arm-none-eabi/lib/thumb/v7e-m\libc.a(lib_a-__call_atexit.o)
 .debug_frame   0x00003af0       0x20 c:/program files (x86)/atmel/studio/7.0/toolchain/arm/arm-gnu-toolchain/bin/../lib/gcc/arm-none-eabi/6.3.1/../../../../arm-none-eabi/lib/thumb/v7e-m\libc.a(lib_a-atexit.o)
 .debug_frame   0x00003b10       0x88 c:/program files (x86)/atmel/studio/7.0/toolchain/arm/arm-gnu-toolchain/bin/../lib/gcc/arm-none-eabi/6.3.1/../../../../arm-none-eabi/lib/thumb/v7e-m\libc.a(lib_a-dtoa.o)
 .debug_frame   0x00003b98       0x34 c:/program files (x86)/atmel/studio/7.0/toolchain/arm/arm-gnu-toolchain/bin/../lib/gcc/arm-none-eabi/6.3.1/../../../../arm-none-eabi/lib/thumb/v7e-m\libc.a(lib_a-fini.o)
 .debug_frame   0x00003bcc       0x40 c:/program files (x86)/atmel/studio/7.0/toolchain/arm/arm-gnu-toolchain/bin/../lib/gcc/arm-none-eabi/6.3.1/../../../../arm-none-eabi/lib/thumb/v7e-m\libc.a(lib_a-localeconv.o)
 .debug_frame   0x00003c0c       0xb0 c:/program files (x86)/atmel/studio/7.0/toolchain/arm/arm-gnu-toolchain/bin/../lib/gcc/arm-none-eabi/6.3.1/../../../../arm-none-eabi/lib/thumb/v7e-m\libc.a(lib_a-lock.o)
 .debug_frame   0x00003cbc       0x58 c:/program files (x86)/atmel/studio/7.0/toolchain/arm/arm-gnu-toolchain/bin/../lib/gcc/arm-none-eabi/6.3.1/../../../../arm-none-eabi/lib/thumb/v7e-m\libc.a(lib_a-mallocr.o)
 .debug_frame   0x00003d14       0x3c c:/program files (x86)/atmel/studio/7.0/toolchain/arm/arm-gnu-toolchain/bin/../lib/gcc/arm-none-eabi/6.3.1/../../../../arm-none-eabi/lib/thumb/v7e-m\libc.a(lib_a-memcmp.o)
 .debug_frame   0x00003d50       0x30 c:/program files (x86)/atmel/studio/7.0/toolchain/arm/arm-gnu-toolchain/bin/../lib/gcc/arm-none-eabi/6.3.1/../../../../arm-none-eabi/lib/thumb/v7e-m\libc.a(lib_a-mlock.o)
 .debug_frame   0x00003d80      0x25c c:/program files (x86)/atmel/studio/7.0/toolchain/arm/arm-gnu-toolchain/bin/../lib/gcc/arm-none-eabi/6.3.1/../../../../arm-none-eabi/lib/thumb/v7e-m\libc.a(lib_a-mprec.o)
 .debug_frame   0x00003fdc       0x2c c:/program files (x86)/atmel/studio/7.0/toolchain/arm/arm-gnu-toolchain/bin/../lib/gcc/arm-none-eabi/6.3.1/../../../../arm-none-eabi/lib/thumb/v7e-m\libc.a(lib_a-sbrkr.o)
 .debug_frame   0x00004008       0x50 c:/program files (x86)/atmel/studio/7.0/toolchain/arm/arm-gnu-toolchain/bin/../lib/gcc/arm-none-eabi/6.3.1/../../../../arm-none-eabi/lib/thumb/v7e-m\libc.a(lib_a-strchr.o)